../Core/Src/main.c:198:5:readStablePot	64	static
../Core/Src/main.c:242:6:moveToPositionSmooth	48	static
../Core/Src/main.c:303:6:HAL_Delay_us	24	static
../Core/Src/main.c:311:6:MotorThread	32	static
../Core/Src/main.c:350:5:main	8	static
../Core/Src/main.c:458:6:SystemClock_Config	120	static
../Core/Src/main.c:518:13:MX_ADC1_Init	48	static
../Core/Src/main.c:623:13:MX_TIM8_Init	40	static
../Core/Src/main.c:670:13:MX_GPIO_Init	56	static
../Core/Src/main.c:744:6:FirstMotor	32	static
../Core/Src/main.c:789:6:SecondMotor	32	static
../Core/Src/main.c:834:6:ThirdMotor	32	static
../Core/Src/main.c:879:6:FourthMotor	32	static
../Core/Src/main.c:924:6:FifthMotor	32	static
../Core/Src/main.c:964:6:MPU_Config	24	static
../Core/Src/main.c:999:6:HAL_TIM_PeriodElapsedCallback	16	static
../Core/Src/main.c:1017:6:Error_Handler	4	static,ignoring_inline_asm
