../Core/Src/main.c:116:5:readStablePot	16	static
../Core/Src/main.c:139:6:moveToPositionSmooth	48	static
../Core/Src/main.c:206:5:readStablePot2	16	static
../Core/Src/main.c:240:6:moveToPositionSmooth2	48	static
../Core/Src/main.c:308:6:HAL_Delay_us	24	static
../Core/Src/main.c:322:5:main	8	static
../Core/Src/main.c:423:6:SystemClock_Config	120	static
../Core/Src/main.c:483:13:MX_ADC1_Init	48	static
../Core/Src/main.c:561:13:MX_TIM8_Init	40	static
../Core/Src/main.c:608:13:MX_GPIO_Init	48	static
../Core/Src/main.c:657:6:FirstMotor	32	static
../Core/Src/main.c:702:6:SecondMotor	32	static
../Core/Src/main.c:741:6:MPU_Config	24	static
../Core/Src/main.c:776:6:HAL_TIM_PeriodElapsedCallback	16	static
../Core/Src/main.c:794:6:Error_Handler	4	static,ignoring_inline_asm
