Archive member included to satisfy reference by file (symbol)

M:/Mostafa Ramadan/programming/STM32CubeIDE_1.18.0/STM32CubeIDE/plugins/com.st.stm32cube.ide.mcu.externaltools.gnu-tools-for-stm32.13.3.rel1.win32_1.0.0.202411081344/tools/bin/../lib/gcc/arm-none-eabi/13.3.1/../../../../arm-none-eabi/lib/thumb/v7e-m+dp/hard\libc_nano.a(libc_a-exit.o)
                              M:/Mostafa Ramadan/programming/STM32CubeIDE_1.18.0/STM32CubeIDE/plugins/com.st.stm32cube.ide.mcu.externaltools.gnu-tools-for-stm32.13.3.rel1.win32_1.0.0.202411081344/tools/bin/../lib/gcc/arm-none-eabi/13.3.1/../../../../arm-none-eabi/lib/thumb/v7e-m+dp/hard/crt0.o (exit)
M:/Mostafa Ramadan/programming/STM32CubeIDE_1.18.0/STM32CubeIDE/plugins/com.st.stm32cube.ide.mcu.externaltools.gnu-tools-for-stm32.13.3.rel1.win32_1.0.0.202411081344/tools/bin/../lib/gcc/arm-none-eabi/13.3.1/../../../../arm-none-eabi/lib/thumb/v7e-m+dp/hard\libc_nano.a(libc_a-findfp.o)
                              M:/Mostafa Ramadan/programming/STM32CubeIDE_1.18.0/STM32CubeIDE/plugins/com.st.stm32cube.ide.mcu.externaltools.gnu-tools-for-stm32.13.3.rel1.win32_1.0.0.202411081344/tools/bin/../lib/gcc/arm-none-eabi/13.3.1/../../../../arm-none-eabi/lib/thumb/v7e-m+dp/hard\libc_nano.a(libc_a-exit.o) (__stdio_exit_handler)
M:/Mostafa Ramadan/programming/STM32CubeIDE_1.18.0/STM32CubeIDE/plugins/com.st.stm32cube.ide.mcu.externaltools.gnu-tools-for-stm32.13.3.rel1.win32_1.0.0.202411081344/tools/bin/../lib/gcc/arm-none-eabi/13.3.1/../../../../arm-none-eabi/lib/thumb/v7e-m+dp/hard\libc_nano.a(libc_a-fwalk.o)
                              M:/Mostafa Ramadan/programming/STM32CubeIDE_1.18.0/STM32CubeIDE/plugins/com.st.stm32cube.ide.mcu.externaltools.gnu-tools-for-stm32.13.3.rel1.win32_1.0.0.202411081344/tools/bin/../lib/gcc/arm-none-eabi/13.3.1/../../../../arm-none-eabi/lib/thumb/v7e-m+dp/hard\libc_nano.a(libc_a-findfp.o) (_fwalk_sglue)
M:/Mostafa Ramadan/programming/STM32CubeIDE_1.18.0/STM32CubeIDE/plugins/com.st.stm32cube.ide.mcu.externaltools.gnu-tools-for-stm32.13.3.rel1.win32_1.0.0.202411081344/tools/bin/../lib/gcc/arm-none-eabi/13.3.1/../../../../arm-none-eabi/lib/thumb/v7e-m+dp/hard\libc_nano.a(libc_a-stdio.o)
                              M:/Mostafa Ramadan/programming/STM32CubeIDE_1.18.0/STM32CubeIDE/plugins/com.st.stm32cube.ide.mcu.externaltools.gnu-tools-for-stm32.13.3.rel1.win32_1.0.0.202411081344/tools/bin/../lib/gcc/arm-none-eabi/13.3.1/../../../../arm-none-eabi/lib/thumb/v7e-m+dp/hard\libc_nano.a(libc_a-findfp.o) (__sread)
M:/Mostafa Ramadan/programming/STM32CubeIDE_1.18.0/STM32CubeIDE/plugins/com.st.stm32cube.ide.mcu.externaltools.gnu-tools-for-stm32.13.3.rel1.win32_1.0.0.202411081344/tools/bin/../lib/gcc/arm-none-eabi/13.3.1/../../../../arm-none-eabi/lib/thumb/v7e-m+dp/hard\libc_nano.a(libc_a-memset.o)
                              M:/Mostafa Ramadan/programming/STM32CubeIDE_1.18.0/STM32CubeIDE/plugins/com.st.stm32cube.ide.mcu.externaltools.gnu-tools-for-stm32.13.3.rel1.win32_1.0.0.202411081344/tools/bin/../lib/gcc/arm-none-eabi/13.3.1/../../../../arm-none-eabi/lib/thumb/v7e-m+dp/hard/crt0.o (memset)
M:/Mostafa Ramadan/programming/STM32CubeIDE_1.18.0/STM32CubeIDE/plugins/com.st.stm32cube.ide.mcu.externaltools.gnu-tools-for-stm32.13.3.rel1.win32_1.0.0.202411081344/tools/bin/../lib/gcc/arm-none-eabi/13.3.1/../../../../arm-none-eabi/lib/thumb/v7e-m+dp/hard\libc_nano.a(libc_a-closer.o)
                              M:/Mostafa Ramadan/programming/STM32CubeIDE_1.18.0/STM32CubeIDE/plugins/com.st.stm32cube.ide.mcu.externaltools.gnu-tools-for-stm32.13.3.rel1.win32_1.0.0.202411081344/tools/bin/../lib/gcc/arm-none-eabi/13.3.1/../../../../arm-none-eabi/lib/thumb/v7e-m+dp/hard\libc_nano.a(libc_a-stdio.o) (_close_r)
M:/Mostafa Ramadan/programming/STM32CubeIDE_1.18.0/STM32CubeIDE/plugins/com.st.stm32cube.ide.mcu.externaltools.gnu-tools-for-stm32.13.3.rel1.win32_1.0.0.202411081344/tools/bin/../lib/gcc/arm-none-eabi/13.3.1/../../../../arm-none-eabi/lib/thumb/v7e-m+dp/hard\libc_nano.a(libc_a-reent.o)
                              M:/Mostafa Ramadan/programming/STM32CubeIDE_1.18.0/STM32CubeIDE/plugins/com.st.stm32cube.ide.mcu.externaltools.gnu-tools-for-stm32.13.3.rel1.win32_1.0.0.202411081344/tools/bin/../lib/gcc/arm-none-eabi/13.3.1/../../../../arm-none-eabi/lib/thumb/v7e-m+dp/hard\libc_nano.a(libc_a-closer.o) (errno)
M:/Mostafa Ramadan/programming/STM32CubeIDE_1.18.0/STM32CubeIDE/plugins/com.st.stm32cube.ide.mcu.externaltools.gnu-tools-for-stm32.13.3.rel1.win32_1.0.0.202411081344/tools/bin/../lib/gcc/arm-none-eabi/13.3.1/../../../../arm-none-eabi/lib/thumb/v7e-m+dp/hard\libc_nano.a(libc_a-impure.o)
                              M:/Mostafa Ramadan/programming/STM32CubeIDE_1.18.0/STM32CubeIDE/plugins/com.st.stm32cube.ide.mcu.externaltools.gnu-tools-for-stm32.13.3.rel1.win32_1.0.0.202411081344/tools/bin/../lib/gcc/arm-none-eabi/13.3.1/../../../../arm-none-eabi/lib/thumb/v7e-m+dp/hard\libc_nano.a(libc_a-reent.o) (_impure_ptr)
[...]
Memory Configuration

Name             Origin             Length             Attributes
FLASH            0x08000000         0x00020000         xr
DTCMRAM          0x20000000         0x00020000         xrw
RAM_D1           0x24000000         0x00080000         xrw
RAM_D2           0x30000000         0x00048000         xrw
RAM_D3           0x38000000         0x00010000         xrw
ITCMRAM          0x00000000         0x00010000         xrw
*default*        0x00000000         0xffffffff

Linker script and memory map

LOAD M:/Mostafa Ramadan/programming/STM32CubeIDE_1.18.0/STM32CubeIDE/plugins/com.st.stm32cube.ide.mcu.externaltools.gnu-tools-for-stm32.13.3.rel1.win32_1.0.0.202411081344/tools/bin/../lib/gcc/arm-none-eabi/13.3.1/thumb/v7e-m+dp/hard/crti.o
LOAD M:/Mostafa Ramadan/programming/STM32CubeIDE_1.18.0/STM32CubeIDE/plugins/com.st.stm32cube.ide.mcu.externaltools.gnu-tools-for-stm32.13.3.rel1.win32_1.0.0.202411081344/tools/bin/../lib/gcc/arm-none-eabi/13.3.1/thumb/v7e-m+dp/hard/crtbegin.o
LOAD M:/Mostafa Ramadan/programming/STM32CubeIDE_1.18.0/STM32CubeIDE/plugins/com.st.stm32cube.ide.mcu.externaltools.gnu-tools-for-stm32.13.3.rel1.win32_1.0.0.202411081344/tools/bin/../lib/gcc/arm-none-eabi/13.3.1/../../../../arm-none-eabi/lib/thumb/v7e-m+dp/hard/crt0.o
LOAD ./Core/Src/freertos.o
LOAD ./Core/Src/main.o
LOAD ./Core/Src/stm32h7xx_hal_msp.o
LOAD ./Core/Src/stm32h7xx_hal_timebase_tim.o
LOAD ./Core/Src/stm32h7xx_it.o
LOAD ./Core/Src/syscalls.o
LOAD ./Core/Src/sysmem.o
LOAD ./Core/Src/system_stm32h7xx.o
LOAD ./Core/Startup/startup_stm32h750vbtx.o
LOAD ./Drivers/STM32H7xx_HAL_Driver/Src/stm32h7xx_hal.o
LOAD ./Drivers/STM32H7xx_HAL_Driver/Src/stm32h7xx_hal_adc.o
LOAD ./Drivers/STM32H7xx_HAL_Driver/Src/stm32h7xx_hal_adc_ex.o
LOAD ./Drivers/STM32H7xx_HAL_Driver/Src/stm32h7xx_hal_cortex.o
LOAD ./Drivers/STM32H7xx_HAL_Driver/Src/stm32h7xx_hal_dma.o
LOAD ./Drivers/STM32H7xx_HAL_Driver/Src/stm32h7xx_hal_dma_ex.o
LOAD ./Drivers/STM32H7xx_HAL_Driver/Src/stm32h7xx_hal_exti.o
LOAD ./Drivers/STM32H7xx_HAL_Driver/Src/stm32h7xx_hal_flash.o
LOAD ./Drivers/STM32H7xx_HAL_Driver/Src/stm32h7xx_hal_flash_ex.o
LOAD ./Drivers/STM32H7xx_HAL_Driver/Src/stm32h7xx_hal_gpio.o
LOAD ./Drivers/STM32H7xx_HAL_Driver/Src/stm32h7xx_hal_hsem.o
LOAD ./Drivers/STM32H7xx_HAL_Driver/Src/stm32h7xx_hal_i2c.o
LOAD ./Drivers/STM32H7xx_HAL_Driver/Src/stm32h7xx_hal_i2c_ex.o
LOAD ./Drivers/STM32H7xx_HAL_Driver/Src/stm32h7xx_hal_mdma.o
LOAD ./Drivers/STM32H7xx_HAL_Driver/Src/stm32h7xx_hal_pwr.o
LOAD ./Drivers/STM32H7xx_HAL_Driver/Src/stm32h7xx_hal_pwr_ex.o
LOAD ./Drivers/STM32H7xx_HAL_Driver/Src/stm32h7xx_hal_rcc.o
LOAD ./Drivers/STM32H7xx_HAL_Driver/Src/stm32h7xx_hal_rcc_ex.o
LOAD ./Drivers/STM32H7xx_HAL_Driver/Src/stm32h7xx_hal_tim.o
LOAD ./Drivers/STM32H7xx_HAL_Driver/Src/stm32h7xx_hal_tim_ex.o
LOAD ./Middlewares/Third_Party/FreeRTOS/Source/CMSIS_RTOS_V2/cmsis_os2.o
LOAD ./Middlewares/Third_Party/FreeRTOS/Source/croutine.o
LOAD ./Middlewares/Third_Party/FreeRTOS/Source/event_groups.o
LOAD ./Middlewares/Third_Party/FreeRTOS/Source/list.o
LOAD ./Middlewares/Third_Party/FreeRTOS/Source/queue.o
LOAD ./Middlewares/Third_Party/FreeRTOS/Source/stream_buffer.o
LOAD ./Middlewares/Third_Party/FreeRTOS/Source/tasks.o
LOAD ./Middlewares/Third_Party/FreeRTOS/Source/timers.o
LOAD ./Middlewares/Third_Party/FreeRTOS/Source/portable/GCC/ARM_CM4F/port.o
LOAD ./Middlewares/Third_Party/FreeRTOS/Source/portable/MemMang/heap_4.o
START GROUP
LOAD M:/Mostafa Ramadan/programming/STM32CubeIDE_1.18.0/STM32CubeIDE/plugins/com.st.stm32cube.ide.mcu.externaltools.gnu-tools-for-stm32.13.3.rel1.win32_1.0.0.202411081344/tools/bin/../lib/gcc/arm-none-eabi/13.3.1/../../../../arm-none-eabi/lib/thumb/v7e-m+dp/hard\libc_nano.a
LOAD M:/Mostafa Ramadan/programming/STM32CubeIDE_1.18.0/STM32CubeIDE/plugins/com.st.stm32cube.ide.mcu.externaltools.gnu-tools-for-stm32.13.3.rel1.win32_1.0.0.202411081344/tools/bin/../lib/gcc/arm-none-eabi/13.3.1/../../../../arm-none-eabi/lib/thumb/v7e-m+dp/hard\libm.a
END GROUP
START GROUP
LOAD M:/Mostafa Ramadan/programming/STM32CubeIDE_1.18.0/STM32CubeIDE/plugins/com.st.stm32cube.ide.mcu.externaltools.gnu-tools-for-stm32.13.3.rel1.win32_1.0.0.202411081344/tools/bin/../lib/gcc/arm-none-eabi/13.3.1/thumb/v7e-m+dp/hard\libgcc.a
LOAD M:/Mostafa Ramadan/programming/STM32CubeIDE_1.18.0/STM32CubeIDE/plugins/com.st.stm32cube.ide.mcu.externaltools.gnu-tools-for-stm32.13.3.rel1.win32_1.0.0.202411081344/tools/bin/../lib/gcc/arm-none-eabi/13.3.1/../../../../arm-none-eabi/lib/thumb/v7e-m+dp/hard\libc_nano.a
END GROUP
START GROUP
LOAD M:/Mostafa Ramadan/programming/STM32CubeIDE_1.18.0/STM32CubeIDE/plugins/com.st.stm32cube.ide.mcu.externaltools.gnu-tools-for-stm32.13.3.rel1.win32_1.0.0.202411081344/tools/bin/../lib/gcc/arm-none-eabi/13.3.1/thumb/v7e-m+dp/hard\libgcc.a
LOAD M:/Mostafa Ramadan/programming/STM32CubeIDE_1.18.0/STM32CubeIDE/plugins/com.st.stm32cube.ide.mcu.externaltools.gnu-tools-for-stm32.13.3.rel1.win32_1.0.0.202411081344/tools/bin/../lib/gcc/arm-none-eabi/13.3.1/../../../../arm-none-eabi/lib/thumb/v7e-m+dp/hard\libc_nano.a
LOAD M:/Mostafa Ramadan/programming/STM32CubeIDE_1.18.0/STM32CubeIDE/plugins/com.st.stm32cube.ide.mcu.externaltools.gnu-tools-for-stm32.13.3.rel1.win32_1.0.0.202411081344/tools/bin/../lib/gcc/arm-none-eabi/13.3.1/../../../../arm-none-eabi/lib/thumb/v7e-m+dp/hard\libnosys.a
END GROUP
START GROUP
LOAD M:/Mostafa Ramadan/programming/STM32CubeIDE_1.18.0/STM32CubeIDE/plugins/com.st.stm32cube.ide.mcu.externaltools.gnu-tools-for-stm32.13.3.rel1.win32_1.0.0.202411081344/tools/bin/../lib/gcc/arm-none-eabi/13.3.1/thumb/v7e-m+dp/hard\libgcc.a
LOAD M:/Mostafa Ramadan/programming/STM32CubeIDE_1.18.0/STM32CubeIDE/plugins/com.st.stm32cube.ide.mcu.externaltools.gnu-tools-for-stm32.13.3.rel1.win32_1.0.0.202411081344/tools/bin/../lib/gcc/arm-none-eabi/13.3.1/../../../../arm-none-eabi/lib/thumb/v7e-m+dp/hard\libc_nano.a
LOAD M:/Mostafa Ramadan/programming/STM32CubeIDE_1.18.0/STM32CubeIDE/plugins/com.st.stm32cube.ide.mcu.externaltools.gnu-tools-for-stm32.13.3.rel1.win32_1.0.0.202411081344/tools/bin/../lib/gcc/arm-none-eabi/13.3.1/../../../../arm-none-eabi/lib/thumb/v7e-m+dp/hard\libnosys.a
END GROUP
LOAD M:/Mostafa Ramadan/programming/STM32CubeIDE_1.18.0/STM32CubeIDE/plugins/com.st.stm32cube.ide.mcu.externaltools.gnu-tools-for-stm32.13.3.rel1.win32_1.0.0.202411081344/tools/bin/../lib/gcc/arm-none-eabi/13.3.1/thumb/v7e-m+dp/hard/crtend.o
LOAD M:/Mostafa Ramadan/programming/STM32CubeIDE_1.18.0/STM32CubeIDE/plugins/com.st.stm32cube.ide.mcu.externaltools.gnu-tools-for-stm32.13.3.rel1.win32_1.0.0.202411081344/tools/bin/../lib/gcc/arm-none-eabi/13.3.1/thumb/v7e-m+dp/hard/crtn.o
                0x24080000                        _estack = (ORIGIN (RAM_D1) + LENGTH (RAM_D1))
                0x00000200                        _Min_Heap_Size = 0x200
                0x00000400                        _Min_Stack_Size = 0x400

.isr_vector     0x08000000      0x298
                0x08000000                        . = ALIGN (0x4)
 *(.isr_vector)
 .isr_vector    0x08000000      0x298 ./Core/Startup/startup_stm32h750vbtx.o
                0x08000000                g_pfnVectors
                0x08000298                        . = ALIGN (0x4)

.text           0x080002a0     0xa744
                0x080002a0                        . = ALIGN (0x4)
 *(.text)
 .text          0x080002a0       0x40 M:/Mostafa Ramadan/programming/STM32CubeIDE_1.18.0/STM32CubeIDE/plugins/com.st.stm32cube.ide.mcu.externaltools.gnu-tools-for-stm32.13.3.rel1.win32_1.0.0.202411081344/tools/bin/../lib/gcc/arm-none-eabi/13.3.1/thumb/v7e-m+dp/hard/crtbegin.o
 *(.text*)
 .text.readStablePot
                0x080002e0      0x1cc ./Core/Src/main.o
                0x080002e0                readStablePot
 .text.moveToPositionSmooth
                0x080004ac      0x230 ./Core/Src/main.o
                0x080004ac                moveToPositionSmooth
 .text.HAL_Delay_us
                0x080006dc       0x4c ./Core/Src/main.o
                0x080006dc                HAL_Delay_us
 .text.main     0x08000728      0x164 ./Core/Src/main.o
                0x08000728                main
 .text.SystemClock_Config
                0x0800088c       0xf8 ./Core/Src/main.o
                0x0800088c                SystemClock_Config
 .text.MX_ADC1_Init
                0x08000984      0x17c ./Core/Src/main.o
 .text.MX_TIM8_Init
                0x08000b00       0xa8 ./Core/Src/main.o
 .text.MX_GPIO_Init
                0x08000ba8      0x18c ./Core/Src/main.o
 .text.FirstMotor
                0x08000d34      0x100 ./Core/Src/main.o
                0x08000d34                FirstMotor
 .text.SecondMotor
                0x08000e34      0x100 ./Core/Src/main.o
                0x08000e34                SecondMotor
 .text.ThirdMotor
                0x08000f34      0x100 ./Core/Src/main.o
                0x08000f34                ThirdMotor
 .text.FourthMotor
                0x08001034      0x100 ./Core/Src/main.o
                0x08001034                FourthMotor
 .text.FifthMotor
                0x08001134      0x100 ./Core/Src/main.o
                0x08001134                FifthMotor
 .text.SixthMotor
                0x08001234      0x104 ./Core/Src/main.o
                0x08001234                SixthMotor
 .text.MPU_Config
                0x08001338       0x58 ./Core/Src/main.o
 .text.HAL_TIM_PeriodElapsedCallback
                0x08001390       0x24 ./Core/Src/main.o
                0x08001390                HAL_TIM_PeriodElapsedCallback
 .text.Error_Handler
                0x080013b4        0xc ./Core/Src/main.o
                0x080013b4                Error_Handler
 .text.HAL_MspInit
                0x080013c0       0x3c ./Core/Src/stm32h7xx_hal_msp.o
                0x080013c0                HAL_MspInit
 .text.HAL_ADC_MspInit
                0x080013fc       0xe4 ./Core/Src/stm32h7xx_hal_msp.o
                0x080013fc                HAL_ADC_MspInit
 .text.HAL_TIM_Base_MspInit
                0x080014e0       0x44 ./Core/Src/stm32h7xx_hal_msp.o
                0x080014e0                HAL_TIM_Base_MspInit
 .text.HAL_InitTick
                0x08001524       0xc4 ./Core/Src/stm32h7xx_hal_timebase_tim.o
                0x08001524                HAL_InitTick
 .text.NMI_Handler
                0x080015e8        0x8 ./Core/Src/stm32h7xx_it.o
                0x080015e8                NMI_Handler
 .text.HardFault_Handler
                0x080015f0        0x8 ./Core/Src/stm32h7xx_it.o
                0x080015f0                HardFault_Handler
 .text.MemManage_Handler
                0x080015f8        0x8 ./Core/Src/stm32h7xx_it.o
                0x080015f8                MemManage_Handler
 .text.BusFault_Handler
                0x08001600        0x8 ./Core/Src/stm32h7xx_it.o
                0x08001600                BusFault_Handler
 .text.UsageFault_Handler
                0x08001608        0x8 ./Core/Src/stm32h7xx_it.o
                0x08001608                UsageFault_Handler
 .text.DebugMon_Handler
                0x08001610        0xe ./Core/Src/stm32h7xx_it.o
                0x08001610                DebugMon_Handler
 *fill*         0x0800161e        0x2 
 .text.TIM1_UP_IRQHandler
                0x08001620       0x14 ./Core/Src/stm32h7xx_it.o
                0x08001620                TIM1_UP_IRQHandler
 .text.SystemInit
                0x08001634      0x140 ./Core/Src/system_stm32h7xx.o
                0x08001634                SystemInit
 .text.ExitRun0Mode
                0x08001774       0x30 ./Core/Src/system_stm32h7xx.o
                0x08001774                ExitRun0Mode
 .text.Reset_Handler
                0x080017a4       0x54 ./Core/Startup/startup_stm32h750vbtx.o
                0x080017a4                Reset_Handler
 .text.Default_Handler
                0x080017f8        0x2 ./Core/Startup/startup_stm32h750vbtx.o
                0x080017f8                RTC_Alarm_IRQHandler
                0x080017f8                HASH_RNG_IRQHandler
                0x080017f8                EXTI2_IRQHandler
                0x080017f8                TIM8_CC_IRQHandler
                0x080017f8                HRTIM1_Master_IRQHandler
                0x080017f8                UART8_IRQHandler
                0x080017f8                SPI4_IRQHandler
                0x080017f8                TIM1_CC_IRQHandler
                0x080017f8                BDMA_Channel6_IRQHandler
                0x080017f8                DMA2_Stream5_IRQHandler
                0x080017f8                HRTIM1_FLT_IRQHandler
                0x080017f8                JPEG_IRQHandler
                0x080017f8                DMA1_Stream5_IRQHandler
                0x080017f8                BDMA_Channel1_IRQHandler
                0x080017f8                HRTIM1_TIMD_IRQHandler
                0x080017f8                TAMP_STAMP_IRQHandler
                0x080017f8                EXTI3_IRQHandler
                0x080017f8                LPTIM4_IRQHandler
                0x080017f8                TIM8_TRG_COM_TIM14_IRQHandler
                0x080017f8                LPTIM2_IRQHandler
                0x080017f8                DFSDM1_FLT1_IRQHandler
                0x080017f8                DMAMUX2_OVR_IRQHandler
                0x080017f8                TIM8_UP_TIM13_IRQHandler
                0x080017f8                I2C3_ER_IRQHandler
                0x080017f8                DFSDM1_FLT2_IRQHandler
                0x080017f8                MDMA_IRQHandler
                0x080017f8                LPTIM3_IRQHandler
                0x080017f8                HSEM1_IRQHandler
                0x080017f8                EXTI0_IRQHandler
                0x080017f8                I2C2_EV_IRQHandler
                0x080017f8                DMA1_Stream2_IRQHandler
                0x080017f8                FPU_IRQHandler
                0x080017f8                OTG_HS_WKUP_IRQHandler
                0x080017f8                FDCAN1_IT1_IRQHandler
                0x080017f8                LTDC_ER_IRQHandler
                0x080017f8                DMA2_Stream2_IRQHandler
                0x080017f8                HRTIM1_TIME_IRQHandler
                0x080017f8                SPI1_IRQHandler
                0x080017f8                TIM6_DAC_IRQHandler
                0x080017f8                DCMI_IRQHandler
                0x080017f8                HRTIM1_TIMC_IRQHandler
                0x080017f8                DMA2_Stream3_IRQHandler
                0x080017f8                SAI2_IRQHandler
                0x080017f8                DFSDM1_FLT3_IRQHandler
                0x080017f8                USART6_IRQHandler
                0x080017f8                TIM17_IRQHandler
                0x080017f8                USART3_IRQHandler
                0x080017f8                BDMA_Channel7_IRQHandler
                0x080017f8                CRYP_IRQHandler
                0x080017f8                LPTIM5_IRQHandler
                0x080017f8                UART5_IRQHandler
                0x080017f8                ADC3_IRQHandler
                0x080017f8                DMA2_Stream0_IRQHandler
                0x080017f8                TIM4_IRQHandler
                0x080017f8                BDMA_Channel2_IRQHandler
                0x080017f8                QUADSPI_IRQHandler
                0x080017f8                I2C1_EV_IRQHandler
                0x080017f8                DMA1_Stream6_IRQHandler
                0x080017f8                DMAMUX1_OVR_IRQHandler
                0x080017f8                DMA1_Stream1_IRQHandler
                0x080017f8                TIM16_IRQHandler
                0x080017f8                UART4_IRQHandler
                0x080017f8                BDMA_Channel5_IRQHandler
                0x080017f8                TIM3_IRQHandler
                0x080017f8                RCC_IRQHandler
                0x080017f8                TIM8_BRK_TIM12_IRQHandler
                0x080017f8                TIM1_TRG_COM_IRQHandler
                0x080017f8                Default_Handler
                0x080017f8                ECC_IRQHandler
                0x080017f8                CEC_IRQHandler
                0x080017f8                EXTI15_10_IRQHandler
                0x080017f8                BDMA_Channel0_IRQHandler
                0x080017f8                ADC_IRQHandler
                0x080017f8                DMA1_Stream7_IRQHandler
                0x080017f8                HRTIM1_TIMA_IRQHandler
                0x080017f8                SPI5_IRQHandler
                0x080017f8                TIM7_IRQHandler
                0x080017f8                SDMMC1_IRQHandler
                0x080017f8                TIM5_IRQHandler
                0x080017f8                DMA2_Stream7_IRQHandler
                0x080017f8                TIM15_IRQHandler
                0x080017f8                PVD_AVD_IRQHandler
                0x080017f8                I2C3_EV_IRQHandler
                0x080017f8                EXTI9_5_IRQHandler
                0x080017f8                RTC_WKUP_IRQHandler
                0x080017f8                LTDC_IRQHandler
                0x080017f8                SAI3_IRQHandler
                0x080017f8                ETH_WKUP_IRQHandler
                0x080017f8                SPDIF_RX_IRQHandler
                0x080017f8                SPI2_IRQHandler
                0x080017f8                OTG_HS_EP1_IN_IRQHandler
                0x080017f8                DMA1_Stream0_IRQHandler
                0x080017f8                CRS_IRQHandler
                0x080017f8                EXTI4_IRQHandler
                0x080017f8                HRTIM1_TIMB_IRQHandler
                0x080017f8                FDCAN2_IT1_IRQHandler
                0x080017f8                ETH_IRQHandler
                0x080017f8                BDMA_Channel4_IRQHandler
                0x080017f8                OTG_HS_EP1_OUT_IRQHandler
                0x080017f8                WWDG_IRQHandler
                0x080017f8                SPI6_IRQHandler
                0x080017f8                MDIOS_IRQHandler
                0x080017f8                I2C4_EV_IRQHandler
                0x080017f8                FDCAN2_IT0_IRQHandler
                0x080017f8                LPUART1_IRQHandler
                0x080017f8                FDCAN1_IT0_IRQHandler
                0x080017f8                TIM2_IRQHandler
                0x080017f8                OTG_FS_WKUP_IRQHandler
                0x080017f8                OTG_HS_IRQHandler
                0x080017f8                DMA2D_IRQHandler
                0x080017f8                TIM1_BRK_IRQHandler
                0x080017f8                EXTI1_IRQHandler
                0x080017f8                SDMMC2_IRQHandler
                0x080017f8                OTG_FS_EP1_OUT_IRQHandler
                0x080017f8                BDMA_Channel3_IRQHandler
                0x080017f8                UART7_IRQHandler
                0x080017f8                MDIOS_WKUP_IRQHandler
                0x080017f8                USART2_IRQHandler
                0x080017f8                DFSDM1_FLT0_IRQHandler
                0x080017f8                SAI4_IRQHandler
                0x080017f8                I2C2_ER_IRQHandler
                0x080017f8                DMA2_Stream1_IRQHandler
                0x080017f8                FLASH_IRQHandler
                0x080017f8                DMA2_Stream4_IRQHandler
                0x080017f8                USART1_IRQHandler
                0x080017f8                OTG_FS_IRQHandler
                0x080017f8                SPI3_IRQHandler
                0x080017f8                WAKEUP_PIN_IRQHandler
                0x080017f8                DMA1_Stream4_IRQHandler
                0x080017f8                OTG_FS_EP1_IN_IRQHandler
                0x080017f8                I2C1_ER_IRQHandler
                0x080017f8                FMC_IRQHandler
                0x080017f8                FDCAN_CAL_IRQHandler
                0x080017f8                SWPMI1_IRQHandler
                0x080017f8                COMP1_IRQHandler
                0x080017f8                LPTIM1_IRQHandler
                0x080017f8                I2C4_ER_IRQHandler
                0x080017f8                DMA2_Stream6_IRQHandler
                0x080017f8                SAI1_IRQHandler
                0x080017f8                DMA1_Stream3_IRQHandler
 *fill*         0x080017fa        0x2 
 .text.HAL_Init
                0x080017fc       0x78 ./Drivers/STM32H7xx_HAL_Driver/Src/stm32h7xx_hal.o
                0x080017fc                HAL_Init
 .text.HAL_IncTick
                0x08001874       0x28 ./Drivers/STM32H7xx_HAL_Driver/Src/stm32h7xx_hal.o
                0x08001874                HAL_IncTick
 .text.HAL_GetTick
                0x0800189c       0x18 ./Drivers/STM32H7xx_HAL_Driver/Src/stm32h7xx_hal.o
                0x0800189c                HAL_GetTick
 .text.HAL_GetREVID
                0x080018b4       0x18 ./Drivers/STM32H7xx_HAL_Driver/Src/stm32h7xx_hal.o
                0x080018b4                HAL_GetREVID
 .text.LL_ADC_SetCommonClock
                0x080018cc       0x26 ./Drivers/STM32H7xx_HAL_Driver/Src/stm32h7xx_hal_adc.o
 .text.LL_ADC_SetCommonPathInternalCh
                0x080018f2       0x26 ./Drivers/STM32H7xx_HAL_Driver/Src/stm32h7xx_hal_adc.o
 .text.LL_ADC_GetCommonPathInternalCh
                0x08001918       0x1c ./Drivers/STM32H7xx_HAL_Driver/Src/stm32h7xx_hal_adc.o
 .text.LL_ADC_SetChannelPreselection
                0x08001934       0x66 ./Drivers/STM32H7xx_HAL_Driver/Src/stm32h7xx_hal_adc.o
 .text.LL_ADC_SetOffset
                0x0800199a       0x40 ./Drivers/STM32H7xx_HAL_Driver/Src/stm32h7xx_hal_adc.o
 .text.LL_ADC_SetDataRightShift
                0x080019da       0x32 ./Drivers/STM32H7xx_HAL_Driver/Src/stm32h7xx_hal_adc.o
 .text.LL_ADC_SetOffsetSignedSaturation
                0x08001a0c       0x36 ./Drivers/STM32H7xx_HAL_Driver/Src/stm32h7xx_hal_adc.o
 .text.LL_ADC_REG_IsTriggerSourceSWStart
                0x08001a42       0x26 ./Drivers/STM32H7xx_HAL_Driver/Src/stm32h7xx_hal_adc.o
 .text.LL_ADC_REG_SetSequencerRanks
                0x08001a68       0x58 ./Drivers/STM32H7xx_HAL_Driver/Src/stm32h7xx_hal_adc.o
 .text.LL_ADC_SetChannelSamplingTime
                0x08001ac0       0x56 ./Drivers/STM32H7xx_HAL_Driver/Src/stm32h7xx_hal_adc.o
 *fill*         0x08001b16        0x2 
 .text.LL_ADC_SetChannelSingleDiff
                0x08001b18       0x48 ./Drivers/STM32H7xx_HAL_Driver/Src/stm32h7xx_hal_adc.o
 .text.LL_ADC_GetMultimode
                0x08001b60       0x1c ./Drivers/STM32H7xx_HAL_Driver/Src/stm32h7xx_hal_adc.o
 .text.LL_ADC_GetMultiDMATransfer
                0x08001b7c       0x1c ./Drivers/STM32H7xx_HAL_Driver/Src/stm32h7xx_hal_adc.o
 .text.LL_ADC_DisableDeepPowerDown
                0x08001b98       0x24 ./Drivers/STM32H7xx_HAL_Driver/Src/stm32h7xx_hal_adc.o
 .text.LL_ADC_IsDeepPowerDownEnabled
                0x08001bbc       0x28 ./Drivers/STM32H7xx_HAL_Driver/Src/stm32h7xx_hal_adc.o
 .text.LL_ADC_EnableInternalRegulator
                0x08001be4       0x28 ./Drivers/STM32H7xx_HAL_Driver/Src/stm32h7xx_hal_adc.o
 .text.LL_ADC_IsInternalRegulatorEnabled
                0x08001c0c       0x28 ./Drivers/STM32H7xx_HAL_Driver/Src/stm32h7xx_hal_adc.o
 .text.LL_ADC_Enable
                0x08001c34       0x28 ./Drivers/STM32H7xx_HAL_Driver/Src/stm32h7xx_hal_adc.o
 .text.LL_ADC_Disable
                0x08001c5c       0x28 ./Drivers/STM32H7xx_HAL_Driver/Src/stm32h7xx_hal_adc.o
 .text.LL_ADC_IsEnabled
                0x08001c84       0x26 ./Drivers/STM32H7xx_HAL_Driver/Src/stm32h7xx_hal_adc.o
 .text.LL_ADC_IsDisableOngoing
                0x08001caa       0x26 ./Drivers/STM32H7xx_HAL_Driver/Src/stm32h7xx_hal_adc.o
 .text.LL_ADC_REG_StartConversion
                0x08001cd0       0x28 ./Drivers/STM32H7xx_HAL_Driver/Src/stm32h7xx_hal_adc.o
 .text.LL_ADC_REG_StopConversion
                0x08001cf8       0x28 ./Drivers/STM32H7xx_HAL_Driver/Src/stm32h7xx_hal_adc.o
 .text.LL_ADC_REG_IsConversionOngoing
                0x08001d20       0x26 ./Drivers/STM32H7xx_HAL_Driver/Src/stm32h7xx_hal_adc.o
 *fill*         0x08001d46        0x2 
 .text.LL_ADC_INJ_StopConversion
                0x08001d48       0x28 ./Drivers/STM32H7xx_HAL_Driver/Src/stm32h7xx_hal_adc.o
 .text.LL_ADC_INJ_IsConversionOngoing
                0x08001d70       0x26 ./Drivers/STM32H7xx_HAL_Driver/Src/stm32h7xx_hal_adc.o
 *fill*         0x08001d96        0x2 
 .text.HAL_ADC_Init
                0x08001d98      0x344 ./Drivers/STM32H7xx_HAL_Driver/Src/stm32h7xx_hal_adc.o
                0x08001d98                HAL_ADC_Init
 .text.HAL_ADC_Start
                0x080020dc      0x194 ./Drivers/STM32H7xx_HAL_Driver/Src/stm32h7xx_hal_adc.o
                0x080020dc                HAL_ADC_Start
 .text.HAL_ADC_Stop
                0x08002270       0x68 ./Drivers/STM32H7xx_HAL_Driver/Src/stm32h7xx_hal_adc.o
                0x08002270                HAL_ADC_Stop
 .text.HAL_ADC_PollForConversion
                0x080022d8      0x1e8 ./Drivers/STM32H7xx_HAL_Driver/Src/stm32h7xx_hal_adc.o
                0x080022d8                HAL_ADC_PollForConversion
 .text.HAL_ADC_GetValue
                0x080024c0       0x1a ./Drivers/STM32H7xx_HAL_Driver/Src/stm32h7xx_hal_adc.o
                0x080024c0                HAL_ADC_GetValue
 *fill*         0x080024da        0x2 
 .text.HAL_ADC_ConfigChannel
                0x080024dc      0x5e0 ./Drivers/STM32H7xx_HAL_Driver/Src/stm32h7xx_hal_adc.o
                0x080024dc                HAL_ADC_ConfigChannel
 .text.ADC_ConversionStop
                0x08002abc      0x178 ./Drivers/STM32H7xx_HAL_Driver/Src/stm32h7xx_hal_adc.o
                0x08002abc                ADC_ConversionStop
 .text.ADC_Enable
                0x08002c34      0x114 ./Drivers/STM32H7xx_HAL_Driver/Src/stm32h7xx_hal_adc.o
                0x08002c34                ADC_Enable
 .text.ADC_Disable
                0x08002d48       0xbe ./Drivers/STM32H7xx_HAL_Driver/Src/stm32h7xx_hal_adc.o
                0x08002d48                ADC_Disable
 *fill*         0x08002e06        0x2 
 .text.ADC_ConfigureBoostMode
                0x08002e08      0x218 ./Drivers/STM32H7xx_HAL_Driver/Src/stm32h7xx_hal_adc.o
                0x08002e08                ADC_ConfigureBoostMode
 .text.LL_ADC_IsEnabled
                0x08003020       0x26 ./Drivers/STM32H7xx_HAL_Driver/Src/stm32h7xx_hal_adc_ex.o
 .text.LL_ADC_REG_IsConversionOngoing
                0x08003046       0x26 ./Drivers/STM32H7xx_HAL_Driver/Src/stm32h7xx_hal_adc_ex.o
 .text.HAL_ADCEx_MultiModeConfigChannel
                0x0800306c      0x1bc ./Drivers/STM32H7xx_HAL_Driver/Src/stm32h7xx_hal_adc_ex.o
                0x0800306c                HAL_ADCEx_MultiModeConfigChannel
 .text.__NVIC_SetPriorityGrouping
                0x08003228       0x48 ./Drivers/STM32H7xx_HAL_Driver/Src/stm32h7xx_hal_cortex.o
 .text.__NVIC_GetPriorityGrouping
                0x08003270       0x1c ./Drivers/STM32H7xx_HAL_Driver/Src/stm32h7xx_hal_cortex.o
 .text.__NVIC_EnableIRQ
                0x0800328c       0x3c ./Drivers/STM32H7xx_HAL_Driver/Src/stm32h7xx_hal_cortex.o
 .text.__NVIC_SetPriority
                0x080032c8       0x54 ./Drivers/STM32H7xx_HAL_Driver/Src/stm32h7xx_hal_cortex.o
 .text.NVIC_EncodePriority
                0x0800331c       0x66 ./Drivers/STM32H7xx_HAL_Driver/Src/stm32h7xx_hal_cortex.o
 .text.HAL_NVIC_SetPriorityGrouping
                0x08003382       0x16 ./Drivers/STM32H7xx_HAL_Driver/Src/stm32h7xx_hal_cortex.o
                0x08003382                HAL_NVIC_SetPriorityGrouping
 .text.HAL_NVIC_SetPriority
                0x08003398       0x34 ./Drivers/STM32H7xx_HAL_Driver/Src/stm32h7xx_hal_cortex.o
                0x08003398                HAL_NVIC_SetPriority
 .text.HAL_NVIC_EnableIRQ
                0x080033cc       0x1c ./Drivers/STM32H7xx_HAL_Driver/Src/stm32h7xx_hal_cortex.o
                0x080033cc                HAL_NVIC_EnableIRQ
 .text.HAL_MPU_Disable
                0x080033e8       0x30 ./Drivers/STM32H7xx_HAL_Driver/Src/stm32h7xx_hal_cortex.o
                0x080033e8                HAL_MPU_Disable
 .text.HAL_MPU_Enable
                0x08003418       0x40 ./Drivers/STM32H7xx_HAL_Driver/Src/stm32h7xx_hal_cortex.o
                0x08003418                HAL_MPU_Enable
 .text.HAL_MPU_ConfigRegion
                0x08003458       0x80 ./Drivers/STM32H7xx_HAL_Driver/Src/stm32h7xx_hal_cortex.o
                0x08003458                HAL_MPU_ConfigRegion
 .text.HAL_GPIO_Init
                0x080034d8      0x360 ./Drivers/STM32H7xx_HAL_Driver/Src/stm32h7xx_hal_gpio.o
                0x080034d8                HAL_GPIO_Init
 .text.HAL_GPIO_WritePin
                0x08003838       0x32 ./Drivers/STM32H7xx_HAL_Driver/Src/stm32h7xx_hal_gpio.o
                0x08003838                HAL_GPIO_WritePin
 *fill*         0x0800386a        0x2 
 .text.HAL_PWREx_ConfigSupply
                0x0800386c       0x74 ./Drivers/STM32H7xx_HAL_Driver/Src/stm32h7xx_hal_pwr_ex.o
                0x0800386c                HAL_PWREx_ConfigSupply
 .text.HAL_RCC_OscConfig
                0x080038e0      0x8b4 ./Drivers/STM32H7xx_HAL_Driver/Src/stm32h7xx_hal_rcc.o
                0x080038e0                HAL_RCC_OscConfig
 .text.HAL_RCC_ClockConfig
                0x08004194      0x36c ./Drivers/STM32H7xx_HAL_Driver/Src/stm32h7xx_hal_rcc.o
                0x08004194                HAL_RCC_ClockConfig
 .text.HAL_RCC_GetSysClockFreq
                0x08004500      0x2f4 ./Drivers/STM32H7xx_HAL_Driver/Src/stm32h7xx_hal_rcc.o
                0x08004500                HAL_RCC_GetSysClockFreq
 .text.HAL_RCC_GetHCLKFreq
                0x080047f4       0x60 ./Drivers/STM32H7xx_HAL_Driver/Src/stm32h7xx_hal_rcc.o
                0x080047f4                HAL_RCC_GetHCLKFreq
 .text.HAL_RCC_GetPCLK1Freq
                0x08004854       0x2c ./Drivers/STM32H7xx_HAL_Driver/Src/stm32h7xx_hal_rcc.o
                0x08004854                HAL_RCC_GetPCLK1Freq
 .text.HAL_RCC_GetPCLK2Freq
                0x08004880       0x2c ./Drivers/STM32H7xx_HAL_Driver/Src/stm32h7xx_hal_rcc.o
                0x08004880                HAL_RCC_GetPCLK2Freq
 .text.HAL_RCC_GetClockConfig
                0x080048ac       0x84 ./Drivers/STM32H7xx_HAL_Driver/Src/stm32h7xx_hal_rcc.o
                0x080048ac                HAL_RCC_GetClockConfig
 .text.HAL_RCCEx_PeriphCLKConfig
                0x08004930     0x1414 ./Drivers/STM32H7xx_HAL_Driver/Src/stm32h7xx_hal_rcc_ex.o
                0x08004930                HAL_RCCEx_PeriphCLKConfig
 .text.HAL_RCCEx_GetPeriphCLKFreq
                0x08005d44      0xb00 ./Drivers/STM32H7xx_HAL_Driver/Src/stm32h7xx_hal_rcc_ex.o
                0x08005d44                HAL_RCCEx_GetPeriphCLKFreq
 .text.HAL_RCCEx_GetD3PCLK1Freq
                0x08006844       0x2c ./Drivers/STM32H7xx_HAL_Driver/Src/stm32h7xx_hal_rcc_ex.o
                0x08006844                HAL_RCCEx_GetD3PCLK1Freq
 .text.HAL_RCCEx_GetPLL2ClockFreq
                0x08006870      0x2a8 ./Drivers/STM32H7xx_HAL_Driver/Src/stm32h7xx_hal_rcc_ex.o
                0x08006870                HAL_RCCEx_GetPLL2ClockFreq
 .text.HAL_RCCEx_GetPLL3ClockFreq
                0x08006b18      0x2a8 ./Drivers/STM32H7xx_HAL_Driver/Src/stm32h7xx_hal_rcc_ex.o
                0x08006b18                HAL_RCCEx_GetPLL3ClockFreq
 .text.HAL_RCCEx_GetPLL1ClockFreq
                0x08006dc0      0x2a4 ./Drivers/STM32H7xx_HAL_Driver/Src/stm32h7xx_hal_rcc_ex.o
                0x08006dc0                HAL_RCCEx_GetPLL1ClockFreq
 .text.RCCEx_PLL2_Config
                0x08007064      0x164 ./Drivers/STM32H7xx_HAL_Driver/Src/stm32h7xx_hal_rcc_ex.o
 .text.RCCEx_PLL3_Config
                0x080071c8      0x164 ./Drivers/STM32H7xx_HAL_Driver/Src/stm32h7xx_hal_rcc_ex.o
 .text.HAL_TIM_Base_Init
                0x0800732c       0xae ./Drivers/STM32H7xx_HAL_Driver/Src/stm32h7xx_hal_tim.o
                0x0800732c                HAL_TIM_Base_Init
 *fill*         0x080073da        0x2 
 .text.HAL_TIM_Base_Start
                0x080073dc       0xe0 ./Drivers/STM32H7xx_HAL_Driver/Src/stm32h7xx_hal_tim.o
                0x080073dc                HAL_TIM_Base_Start
 .text.HAL_TIM_Base_Start_IT
                0x080074bc       0xf0 ./Drivers/STM32H7xx_HAL_Driver/Src/stm32h7xx_hal_tim.o
                0x080074bc                HAL_TIM_Base_Start_IT
 .text.HAL_TIM_IRQHandler
                0x080075ac      0x20e ./Drivers/STM32H7xx_HAL_Driver/Src/stm32h7xx_hal_tim.o
                0x080075ac                HAL_TIM_IRQHandler
 *fill*         0x080077ba        0x2 
 .text.HAL_TIM_ConfigClockSource
                0x080077bc      0x1f0 ./Drivers/STM32H7xx_HAL_Driver/Src/stm32h7xx_hal_tim.o
                0x080077bc                HAL_TIM_ConfigClockSource
 .text.HAL_TIM_OC_DelayElapsedCallback
                0x080079ac       0x14 ./Drivers/STM32H7xx_HAL_Driver/Src/stm32h7xx_hal_tim.o
                0x080079ac                HAL_TIM_OC_DelayElapsedCallback
 .text.HAL_TIM_IC_CaptureCallback
                0x080079c0       0x14 ./Drivers/STM32H7xx_HAL_Driver/Src/stm32h7xx_hal_tim.o
                0x080079c0                HAL_TIM_IC_CaptureCallback
 .text.HAL_TIM_PWM_PulseFinishedCallback
                0x080079d4       0x14 ./Drivers/STM32H7xx_HAL_Driver/Src/stm32h7xx_hal_tim.o
                0x080079d4                HAL_TIM_PWM_PulseFinishedCallback
 .text.HAL_TIM_TriggerCallback
                0x080079e8       0x14 ./Drivers/STM32H7xx_HAL_Driver/Src/stm32h7xx_hal_tim.o
                0x080079e8                HAL_TIM_TriggerCallback
 .text.TIM_Base_SetConfig
                0x080079fc      0x140 ./Drivers/STM32H7xx_HAL_Driver/Src/stm32h7xx_hal_tim.o
                0x080079fc                TIM_Base_SetConfig
 .text.TIM_TI1_ConfigInputStage
                0x08007b3c       0x5e ./Drivers/STM32H7xx_HAL_Driver/Src/stm32h7xx_hal_tim.o
 .text.TIM_TI2_ConfigInputStage
                0x08007b9a       0x60 ./Drivers/STM32H7xx_HAL_Driver/Src/stm32h7xx_hal_tim.o
 *fill*         0x08007bfa        0x2 
 .text.TIM_ITRx_SetConfig
                0x08007bfc       0x3c ./Drivers/STM32H7xx_HAL_Driver/Src/stm32h7xx_hal_tim.o
 .text.TIM_ETR_SetConfig
                0x08007c38       0x40 ./Drivers/STM32H7xx_HAL_Driver/Src/stm32h7xx_hal_tim.o
                0x08007c38                TIM_ETR_SetConfig
 .text.HAL_TIMEx_MasterConfigSynchronization
                0x08007c78      0x11c ./Drivers/STM32H7xx_HAL_Driver/Src/stm32h7xx_hal_tim_ex.o
                0x08007c78                HAL_TIMEx_MasterConfigSynchronization
 .text.HAL_TIMEx_CommutCallback
                0x08007d94       0x14 ./Drivers/STM32H7xx_HAL_Driver/Src/stm32h7xx_hal_tim_ex.o
                0x08007d94                HAL_TIMEx_CommutCallback
 .text.HAL_TIMEx_BreakCallback
                0x08007da8       0x14 ./Drivers/STM32H7xx_HAL_Driver/Src/stm32h7xx_hal_tim_ex.o
                0x08007da8                HAL_TIMEx_BreakCallback
 .text.HAL_TIMEx_Break2Callback
                0x08007dbc       0x14 ./Drivers/STM32H7xx_HAL_Driver/Src/stm32h7xx_hal_tim_ex.o
                0x08007dbc                HAL_TIMEx_Break2Callback
 .text.__NVIC_SetPriority
                0x08007dd0       0x54 ./Middlewares/Third_Party/FreeRTOS/Source/CMSIS_RTOS_V2/cmsis_os2.o
 .text.SysTick_Handler
                0x08007e24       0x20 ./Middlewares/Third_Party/FreeRTOS/Source/CMSIS_RTOS_V2/cmsis_os2.o
                0x08007e24                SysTick_Handler
 .text.SVC_Setup
                0x08007e44       0x12 ./Middlewares/Third_Party/FreeRTOS/Source/CMSIS_RTOS_V2/cmsis_os2.o
 *fill*         0x08007e56        0x2 
 .text.osKernelInitialize
                0x08007e58       0x48 ./Middlewares/Third_Party/FreeRTOS/Source/CMSIS_RTOS_V2/cmsis_os2.o
                0x08007e58                osKernelInitialize
 .text.osKernelStart
                0x08007ea0       0x4c ./Middlewares/Third_Party/FreeRTOS/Source/CMSIS_RTOS_V2/cmsis_os2.o
                0x08007ea0                osKernelStart
 .text.osThreadNew
                0x08007eec      0x124 ./Middlewares/Third_Party/FreeRTOS/Source/CMSIS_RTOS_V2/cmsis_os2.o
                0x08007eec                osThreadNew
 .text.osDelay  0x08008010       0x36 ./Middlewares/Third_Party/FreeRTOS/Source/CMSIS_RTOS_V2/cmsis_os2.o
                0x08008010                osDelay
 *fill*         0x08008046        0x2 
 .text.vApplicationGetIdleTaskMemory
                0x08008048       0x34 ./Middlewares/Third_Party/FreeRTOS/Source/CMSIS_RTOS_V2/cmsis_os2.o
                0x08008048                vApplicationGetIdleTaskMemory
 .text.vApplicationGetTimerTaskMemory
                0x0800807c       0x34 ./Middlewares/Third_Party/FreeRTOS/Source/CMSIS_RTOS_V2/cmsis_os2.o
                0x0800807c                vApplicationGetTimerTaskMemory
 .text.vListInitialise
                0x080080b0       0x40 ./Middlewares/Third_Party/FreeRTOS/Source/list.o
                0x080080b0                vListInitialise
 .text.vListInitialiseItem
                0x080080f0       0x1a ./Middlewares/Third_Party/FreeRTOS/Source/list.o
                0x080080f0                vListInitialiseItem
 .text.vListInsertEnd
                0x0800810a       0x48 ./Middlewares/Third_Party/FreeRTOS/Source/list.o
                0x0800810a                vListInsertEnd
 .text.vListInsert
                0x08008152       0x72 ./Middlewares/Third_Party/FreeRTOS/Source/list.o
                0x08008152                vListInsert
 .text.uxListRemove
                0x080081c4       0x54 ./Middlewares/Third_Party/FreeRTOS/Source/list.o
                0x080081c4                uxListRemove
 .text.xQueueGenericReset
                0x08008218       0xd4 ./Middlewares/Third_Party/FreeRTOS/Source/queue.o
                0x08008218                xQueueGenericReset
 .text.xQueueGenericCreateStatic
                0x080082ec       0xfa ./Middlewares/Third_Party/FreeRTOS/Source/queue.o
                0x080082ec                xQueueGenericCreateStatic
 .text.prvInitialiseNewQueue
                0x080083e6       0x46 ./Middlewares/Third_Party/FreeRTOS/Source/queue.o
 .text.xQueueGenericSend
                0x0800842c      0x204 ./Middlewares/Third_Party/FreeRTOS/Source/queue.o
                0x0800842c                xQueueGenericSend
 .text.xQueueGenericSendFromISR
                0x08008630      0x13c ./Middlewares/Third_Party/FreeRTOS/Source/queue.o
                0x08008630                xQueueGenericSendFromISR
 .text.xQueueReceive
                0x0800876c      0x1c4 ./Middlewares/Third_Party/FreeRTOS/Source/queue.o
                0x0800876c                xQueueReceive
 .text.prvCopyDataToQueue
                0x08008930       0xd4 ./Middlewares/Third_Party/FreeRTOS/Source/queue.o
 .text.prvCopyDataFromQueue
                0x08008a04       0x4c ./Middlewares/Third_Party/FreeRTOS/Source/queue.o
 .text.prvUnlockQueue
                0x08008a50       0xa4 ./Middlewares/Third_Party/FreeRTOS/Source/queue.o
 .text.prvIsQueueEmpty
                0x08008af4       0x2c ./Middlewares/Third_Party/FreeRTOS/Source/queue.o
 .text.prvIsQueueFull
                0x08008b20       0x30 ./Middlewares/Third_Party/FreeRTOS/Source/queue.o
 .text.vQueueAddToRegistry
                0x08008b50       0x54 ./Middlewares/Third_Party/FreeRTOS/Source/queue.o
                0x08008b50                vQueueAddToRegistry
 .text.vQueueWaitForMessageRestricted
                0x08008ba4       0x68 ./Middlewares/Third_Party/FreeRTOS/Source/queue.o
                0x08008ba4                vQueueWaitForMessageRestricted
 .text.xTaskCreateStatic
                0x08008c0c       0xc0 ./Middlewares/Third_Party/FreeRTOS/Source/tasks.o
                0x08008c0c                xTaskCreateStatic
 .text.xTaskCreate
                0x08008ccc       0x8a ./Middlewares/Third_Party/FreeRTOS/Source/tasks.o
                0x08008ccc                xTaskCreate
 .text.prvInitialiseNewTask
                0x08008d56      0x120 ./Middlewares/Third_Party/FreeRTOS/Source/tasks.o
 *fill*         0x08008e76        0x2 
 .text.prvAddNewTaskToReadyList
                0x08008e78       0xe0 ./Middlewares/Third_Party/FreeRTOS/Source/tasks.o
 .text.vTaskDelay
                0x08008f58       0x6c ./Middlewares/Third_Party/FreeRTOS/Source/tasks.o
                0x08008f58                vTaskDelay
 .text.vTaskStartScheduler
                0x08008fc4       0xd0 ./Middlewares/Third_Party/FreeRTOS/Source/tasks.o
                0x08008fc4                vTaskStartScheduler
 .text.vTaskSuspendAll
                0x08009094       0x1c ./Middlewares/Third_Party/FreeRTOS/Source/tasks.o
                0x08009094                vTaskSuspendAll
 .text.xTaskResumeAll
                0x080090b0      0x13c ./Middlewares/Third_Party/FreeRTOS/Source/tasks.o
                0x080090b0                xTaskResumeAll
 .text.xTaskGetTickCount
                0x080091ec       0x20 ./Middlewares/Third_Party/FreeRTOS/Source/tasks.o
                0x080091ec                xTaskGetTickCount
 .text.xTaskIncrementTick
                0x0800920c      0x174 ./Middlewares/Third_Party/FreeRTOS/Source/tasks.o
                0x0800920c                xTaskIncrementTick
 .text.vTaskSwitchContext
                0x08009380       0xbc ./Middlewares/Third_Party/FreeRTOS/Source/tasks.o
                0x08009380                vTaskSwitchContext
 .text.vTaskPlaceOnEventList
                0x0800943c       0x4c ./Middlewares/Third_Party/FreeRTOS/Source/tasks.o
                0x0800943c                vTaskPlaceOnEventList
 .text.vTaskPlaceOnEventListRestricted
                0x08009488       0x58 ./Middlewares/Third_Party/FreeRTOS/Source/tasks.o
                0x08009488                vTaskPlaceOnEventListRestricted
 .text.xTaskRemoveFromEventList
                0x080094e0       0xc8 ./Middlewares/Third_Party/FreeRTOS/Source/tasks.o
                0x080094e0                xTaskRemoveFromEventList
 .text.vTaskInternalSetTimeOutState
                0x080095a8       0x2c ./Middlewares/Third_Party/FreeRTOS/Source/tasks.o
                0x080095a8                vTaskInternalSetTimeOutState
 .text.xTaskCheckForTimeOut
                0x080095d4       0xc8 ./Middlewares/Third_Party/FreeRTOS/Source/tasks.o
                0x080095d4                xTaskCheckForTimeOut
 .text.vTaskMissedYield
                0x0800969c       0x18 ./Middlewares/Third_Party/FreeRTOS/Source/tasks.o
                0x0800969c                vTaskMissedYield
 .text.prvIdleTask
                0x080096b4       0x30 ./Middlewares/Third_Party/FreeRTOS/Source/tasks.o
 .text.prvInitialiseTaskLists
                0x080096e4       0x80 ./Middlewares/Third_Party/FreeRTOS/Source/tasks.o
 .text.prvCheckTasksWaitingTermination
                0x08009764       0x5c ./Middlewares/Third_Party/FreeRTOS/Source/tasks.o
 .text.prvDeleteTCB
                0x080097c0       0x60 ./Middlewares/Third_Party/FreeRTOS/Source/tasks.o
 .text.prvResetNextTaskUnblockTime
                0x08009820       0x40 ./Middlewares/Third_Party/FreeRTOS/Source/tasks.o
 .text.xTaskGetSchedulerState
                0x08009860       0x3c ./Middlewares/Third_Party/FreeRTOS/Source/tasks.o
                0x08009860                xTaskGetSchedulerState
 .text.xTaskPriorityDisinherit
                0x0800989c       0xe0 ./Middlewares/Third_Party/FreeRTOS/Source/tasks.o
                0x0800989c                xTaskPriorityDisinherit
 .text.prvAddCurrentTaskToDelayedList
                0x0800997c       0xa8 ./Middlewares/Third_Party/FreeRTOS/Source/tasks.o
 .text.xTimerCreateTimerTask
                0x08009a24       0x94 ./Middlewares/Third_Party/FreeRTOS/Source/timers.o
                0x08009a24                xTimerCreateTimerTask
 .text.xTimerGenericCommand
                0x08009ab8       0x9c ./Middlewares/Third_Party/FreeRTOS/Source/timers.o
                0x08009ab8                xTimerGenericCommand
 .text.prvProcessExpiredTimer
                0x08009b54       0x9c ./Middlewares/Third_Party/FreeRTOS/Source/timers.o
 .text.prvTimerTask
                0x08009bf0       0x26 ./Middlewares/Third_Party/FreeRTOS/Source/timers.o
 *fill*         0x08009c16        0x2 
 .text.prvProcessTimerOrBlockTask
                0x08009c18       0x9c ./Middlewares/Third_Party/FreeRTOS/Source/timers.o
 .text.prvGetNextExpireTime
                0x08009cb4       0x48 ./Middlewares/Third_Party/FreeRTOS/Source/timers.o
 .text.prvSampleTimeNow
                0x08009cfc       0x40 ./Middlewares/Third_Party/FreeRTOS/Source/timers.o
 .text.prvInsertTimerInActiveList
                0x08009d3c       0x84 ./Middlewares/Third_Party/FreeRTOS/Source/timers.o
 .text.prvProcessReceivedCommands
                0x08009dc0      0x1cc ./Middlewares/Third_Party/FreeRTOS/Source/timers.o
 .text.prvSwitchTimerLists
                0x08009f8c       0xcc ./Middlewares/Third_Party/FreeRTOS/Source/timers.o
 .text.prvCheckForValidListAndQueue
                0x0800a058       0x80 ./Middlewares/Third_Party/FreeRTOS/Source/timers.o
 .text.pxPortInitialiseStack
                0x0800a0d8       0x68 ./Middlewares/Third_Party/FreeRTOS/Source/portable/GCC/ARM_CM4F/port.o
                0x0800a0d8                pxPortInitialiseStack
 .text.prvTaskExitError
                0x0800a140       0x5c ./Middlewares/Third_Party/FreeRTOS/Source/portable/GCC/ARM_CM4F/port.o
 *fill*         0x0800a19c        0x4 
 .text.SVC_Handler
                0x0800a1a0       0x28 ./Middlewares/Third_Party/FreeRTOS/Source/portable/GCC/ARM_CM4F/port.o
                0x0800a1a0                SVC_Handler
 .text.prvPortStartFirstTask
                0x0800a1c8       0x28 ./Middlewares/Third_Party/FreeRTOS/Source/portable/GCC/ARM_CM4F/port.o
 .text.xPortStartScheduler
                0x0800a1f0      0x148 ./Middlewares/Third_Party/FreeRTOS/Source/portable/GCC/ARM_CM4F/port.o
                0x0800a1f0                xPortStartScheduler
 .text.vPortEnterCritical
                0x0800a338       0x64 ./Middlewares/Third_Party/FreeRTOS/Source/portable/GCC/ARM_CM4F/port.o
                0x0800a338                vPortEnterCritical
 .text.vPortExitCritical
                0x0800a39c       0x54 ./Middlewares/Third_Party/FreeRTOS/Source/portable/GCC/ARM_CM4F/port.o
                0x0800a39c                vPortExitCritical
 .text.PendSV_Handler
                0x0800a3f0       0x68 ./Middlewares/Third_Party/FreeRTOS/Source/portable/GCC/ARM_CM4F/port.o
                0x0800a3f0                PendSV_Handler
 .text.xPortSysTickHandler
                0x0800a458       0x44 ./Middlewares/Third_Party/FreeRTOS/Source/portable/GCC/ARM_CM4F/port.o
                0x0800a458                xPortSysTickHandler
 .text.vPortSetupTimerInterrupt
                0x0800a49c       0x48 ./Middlewares/Third_Party/FreeRTOS/Source/portable/GCC/ARM_CM4F/port.o
                0x0800a49c                vPortSetupTimerInterrupt
 .text.vPortEnableVFP
                0x0800a4e4       0x14 ./Middlewares/Third_Party/FreeRTOS/Source/portable/GCC/ARM_CM4F/port.o
 .text.vPortValidateInterruptPriority
                0x0800a4f8       0x84 ./Middlewares/Third_Party/FreeRTOS/Source/portable/GCC/ARM_CM4F/port.o
                0x0800a4f8                vPortValidateInterruptPriority
 .text.pvPortMalloc
                0x0800a57c      0x19c ./Middlewares/Third_Party/FreeRTOS/Source/portable/MemMang/heap_4.o
                0x0800a57c                pvPortMalloc
 .text.vPortFree
                0x0800a718       0xc8 ./Middlewares/Third_Party/FreeRTOS/Source/portable/MemMang/heap_4.o
                0x0800a718                vPortFree
 .text.prvHeapInit
                0x0800a7e0       0xc4 ./Middlewares/Third_Party/FreeRTOS/Source/portable/MemMang/heap_4.o
 .text.prvInsertBlockIntoFreeList
                0x0800a8a4       0xb4 ./Middlewares/Third_Party/FreeRTOS/Source/portable/MemMang/heap_4.o
 .text.memset   0x0800a958       0x10 M:/Mostafa Ramadan/programming/STM32CubeIDE_1.18.0/STM32CubeIDE/plugins/com.st.stm32cube.ide.mcu.externaltools.gnu-tools-for-stm32.13.3.rel1.win32_1.0.0.202411081344/tools/bin/../lib/gcc/arm-none-eabi/13.3.1/../../../../arm-none-eabi/lib/thumb/v7e-m+dp/hard\libc_nano.a(libc_a-memset.o)
                0x0800a958                memset
 .text.__libc_init_array
                0x0800a968       0x48 M:/Mostafa Ramadan/programming/STM32CubeIDE_1.18.0/STM32CubeIDE/plugins/com.st.stm32cube.ide.mcu.externaltools.gnu-tools-for-stm32.13.3.rel1.win32_1.0.0.202411081344/tools/bin/../lib/gcc/arm-none-eabi/13.3.1/../../../../arm-none-eabi/lib/thumb/v7e-m+dp/hard\libc_nano.a(libc_a-init.o)
                0x0800a968                __libc_init_array
 .text.memcpy   0x0800a9b0       0x1c M:/Mostafa Ramadan/programming/STM32CubeIDE_1.18.0/STM32CubeIDE/plugins/com.st.stm32cube.ide.mcu.externaltools.gnu-tools-for-stm32.13.3.rel1.win32_1.0.0.202411081344/tools/bin/../lib/gcc/arm-none-eabi/13.3.1/../../../../arm-none-eabi/lib/thumb/v7e-m+dp/hard\libc_nano.a(libc_a-memcpy-stub.o)
                0x0800a9b0                memcpy
 *(.glue_7)
 .glue_7        0x0800a9cc        0x0 linker stubs
 *(.glue_7t)
 .glue_7t       0x0800a9cc        0x0 linker stubs
 *(.eh_frame)
 .eh_frame      0x0800a9cc        0x0 M:/Mostafa Ramadan/programming/STM32CubeIDE_1.18.0/STM32CubeIDE/plugins/com.st.stm32cube.ide.mcu.externaltools.gnu-tools-for-stm32.13.3.rel1.win32_1.0.0.202411081344/tools/bin/../lib/gcc/arm-none-eabi/13.3.1/thumb/v7e-m+dp/hard/crtbegin.o
 *(.init)
 .init          0x0800a9cc        0x4 M:/Mostafa Ramadan/programming/STM32CubeIDE_1.18.0/STM32CubeIDE/plugins/com.st.stm32cube.ide.mcu.externaltools.gnu-tools-for-stm32.13.3.rel1.win32_1.0.0.202411081344/tools/bin/../lib/gcc/arm-none-eabi/13.3.1/thumb/v7e-m+dp/hard/crti.o
                0x0800a9cc                _init
 .init          0x0800a9d0        0x8 M:/Mostafa Ramadan/programming/STM32CubeIDE_1.18.0/STM32CubeIDE/plugins/com.st.stm32cube.ide.mcu.externaltools.gnu-tools-for-stm32.13.3.rel1.win32_1.0.0.202411081344/tools/bin/../lib/gcc/arm-none-eabi/13.3.1/thumb/v7e-m+dp/hard/crtn.o
 *(.fini)
 .fini          0x0800a9d8        0x4 M:/Mostafa Ramadan/programming/STM32CubeIDE_1.18.0/STM32CubeIDE/plugins/com.st.stm32cube.ide.mcu.externaltools.gnu-tools-for-stm32.13.3.rel1.win32_1.0.0.202411081344/tools/bin/../lib/gcc/arm-none-eabi/13.3.1/thumb/v7e-m+dp/hard/crti.o
                0x0800a9d8                _fini
 .fini          0x0800a9dc        0x8 M:/Mostafa Ramadan/programming/STM32CubeIDE_1.18.0/STM32CubeIDE/plugins/com.st.stm32cube.ide.mcu.externaltools.gnu-tools-for-stm32.13.3.rel1.win32_1.0.0.202411081344/tools/bin/../lib/gcc/arm-none-eabi/13.3.1/thumb/v7e-m+dp/hard/crtn.o
                0x0800a9e4                        . = ALIGN (0x4)
                0x0800a9e4                        _etext = .

.vfp11_veneer   0x0800a9e4        0x0
 .vfp11_veneer  0x0800a9e4        0x0 linker stubs

.v4_bx          0x0800a9e4        0x0
 .v4_bx         0x0800a9e4        0x0 linker stubs

.iplt           0x0800a9e4        0x0
 .iplt          0x0800a9e4        0x0 M:/Mostafa Ramadan/programming/STM32CubeIDE_1.18.0/STM32CubeIDE/plugins/com.st.stm32cube.ide.mcu.externaltools.gnu-tools-for-stm32.13.3.rel1.win32_1.0.0.202411081344/tools/bin/../lib/gcc/arm-none-eabi/13.3.1/thumb/v7e-m+dp/hard/crtbegin.o

.rodata         0x0800a9e4      0x130
                0x0800a9e4                        . = ALIGN (0x4)
 *(.rodata)
 .rodata        0x0800a9e4       0x2e ./Core/Src/main.o
 *fill*         0x0800aa12        0x2 
 .rodata        0x0800aa14        0x5 ./Middlewares/Third_Party/FreeRTOS/Source/tasks.o
 *fill*         0x0800aa19        0x3 
 .rodata        0x0800aa1c        0xd ./Middlewares/Third_Party/FreeRTOS/Source/timers.o
 *(.rodata*)
 *fill*         0x0800aa29        0x3 
 .rodata.First_attributes
                0x0800aa2c       0x24 ./Core/Src/main.o
                0x0800aa2c                First_attributes
 .rodata.Second_attributes
                0x0800aa50       0x24 ./Core/Src/main.o
                0x0800aa50                Second_attributes
 .rodata.Third_attributes
                0x0800aa74       0x24 ./Core/Src/main.o
                0x0800aa74                Third_attributes
 .rodata.Fourth_attributes
                0x0800aa98       0x24 ./Core/Src/main.o
                0x0800aa98                Fourth_attributes
 .rodata.Fifth_attributes
                0x0800aabc       0x24 ./Core/Src/main.o
                0x0800aabc                Fifth_attributes
 .rodata.Sixth_attributes
                0x0800aae0       0x24 ./Core/Src/main.o
                0x0800aae0                Sixth_attributes
 .rodata.D1CorePrescTable
                0x0800ab04       0x10 ./Core/Src/system_stm32h7xx.o
                0x0800ab04                D1CorePrescTable
                0x0800ab14                        . = ALIGN (0x4)

.ARM.extab
 *(.ARM.extab* .gnu.linkonce.armextab.*)

.ARM            0x0800ab14        0x0
                0x0800ab14                        __exidx_start = .
 *(.ARM.exidx*)
                0x0800ab14                        __exidx_end = .

.preinit_array  0x0800ab14        0x0
                0x0800ab14                        PROVIDE (__preinit_array_start = .)
 *(.preinit_array*)
                0x0800ab14                        PROVIDE (__preinit_array_end = .)

.init_array     0x0800ab14        0x4
                0x0800ab14                        PROVIDE (__init_array_start = .)
 *(SORT_BY_NAME(.init_array.*))
 *(.init_array*)
 .init_array    0x0800ab14        0x4 M:/Mostafa Ramadan/programming/STM32CubeIDE_1.18.0/STM32CubeIDE/plugins/com.st.stm32cube.ide.mcu.externaltools.gnu-tools-for-stm32.13.3.rel1.win32_1.0.0.202411081344/tools/bin/../lib/gcc/arm-none-eabi/13.3.1/thumb/v7e-m+dp/hard/crtbegin.o
                0x0800ab18                        PROVIDE (__init_array_end = .)

.fini_array     0x0800ab18        0x4
                [!provide]                        PROVIDE (__fini_array_start = .)
 *(SORT_BY_NAME(.fini_array.*))
 *(.fini_array*)
 .fini_array    0x0800ab18        0x4 M:/Mostafa Ramadan/programming/STM32CubeIDE_1.18.0/STM32CubeIDE/plugins/com.st.stm32cube.ide.mcu.externaltools.gnu-tools-for-stm32.13.3.rel1.win32_1.0.0.202411081344/tools/bin/../lib/gcc/arm-none-eabi/13.3.1/thumb/v7e-m+dp/hard/crtbegin.o
                [!provide]                        PROVIDE (__fini_array_end = .)
                0x0800ab1c                        _sidata = LOADADDR (.data)

.rel.dyn        0x0800ab1c        0x0
 .rel.iplt      0x0800ab1c        0x0 M:/Mostafa Ramadan/programming/STM32CubeIDE_1.18.0/STM32CubeIDE/plugins/com.st.stm32cube.ide.mcu.externaltools.gnu-tools-for-stm32.13.3.rel1.win32_1.0.0.202411081344/tools/bin/../lib/gcc/arm-none-eabi/13.3.1/thumb/v7e-m+dp/hard/crtbegin.o

.data           0x24000000      0x14c load address 0x0800ab1c
                0x24000000                        . = ALIGN (0x4)
                0x24000000                        _sdata = .
 *(.data)
 *(.data*)
 .data.motor1   0x24000000       0x34 ./Core/Src/main.o
                0x24000000                motor1
 .data.motor2   0x24000034       0x34 ./Core/Src/main.o
                0x24000034                motor2
 .data.motor3   0x24000068       0x34 ./Core/Src/main.o
                0x24000068                motor3
 .data.motor4   0x2400009c       0x34 ./Core/Src/main.o
                0x2400009c                motor4
 .data.motor5   0x240000d0       0x34 ./Core/Src/main.o
                0x240000d0                motor5
 .data.motor6   0x24000104       0x34 ./Core/Src/main.o
                0x24000104                motor6
 .data.SystemCoreClock
                0x24000138        0x4 ./Core/Src/system_stm32h7xx.o
                0x24000138                SystemCoreClock
 .data.SystemD2Clock
                0x2400013c        0x4 ./Core/Src/system_stm32h7xx.o
                0x2400013c                SystemD2Clock
 .data.uwTickPrio
                0x24000140        0x4 ./Drivers/STM32H7xx_HAL_Driver/Src/stm32h7xx_hal.o
                0x24000140                uwTickPrio
 .data.uwTickFreq
                0x24000144        0x1 ./Drivers/STM32H7xx_HAL_Driver/Src/stm32h7xx_hal.o
                0x24000144                uwTickFreq
 *fill*         0x24000145        0x3 
 .data.uxCriticalNesting
                0x24000148        0x4 ./Middlewares/Third_Party/FreeRTOS/Source/portable/GCC/ARM_CM4F/port.o
 *(.RamFunc)
 *(.RamFunc*)
                0x2400014c                        . = ALIGN (0x4)
                0x2400014c                        _edata = .

.igot.plt       0x2400014c        0x0 load address 0x0800ac68
 .igot.plt      0x2400014c        0x0 M:/Mostafa Ramadan/programming/STM32CubeIDE_1.18.0/STM32CubeIDE/plugins/com.st.stm32cube.ide.mcu.externaltools.gnu-tools-for-stm32.13.3.rel1.win32_1.0.0.202411081344/tools/bin/../lib/gcc/arm-none-eabi/13.3.1/thumb/v7e-m+dp/hard/crtbegin.o
                0x2400014c                        . = ALIGN (0x4)

.bss            0x2400014c     0x4bd8 load address 0x0800ac68
                0x2400014c                        _sbss = .
                0x2400014c                        __bss_start__ = _sbss
 *(.bss)
 .bss           0x2400014c       0x1c M:/Mostafa Ramadan/programming/STM32CubeIDE_1.18.0/STM32CubeIDE/plugins/com.st.stm32cube.ide.mcu.externaltools.gnu-tools-for-stm32.13.3.rel1.win32_1.0.0.202411081344/tools/bin/../lib/gcc/arm-none-eabi/13.3.1/thumb/v7e-m+dp/hard/crtbegin.o
 *(.bss*)
 .bss.hadc1     0x24000168       0x64 ./Core/Src/main.o
                0x24000168                hadc1
 .bss.htim8     0x240001cc       0x4c ./Core/Src/main.o
                0x240001cc                htim8
 .bss.FirstHandle
                0x24000218        0x4 ./Core/Src/main.o
                0x24000218                FirstHandle
 .bss.SecondHandle
                0x2400021c        0x4 ./Core/Src/main.o
                0x2400021c                SecondHandle
 .bss.ThirdHandle
                0x24000220        0x4 ./Core/Src/main.o
                0x24000220                ThirdHandle
 .bss.FourthHandle
                0x24000224        0x4 ./Core/Src/main.o
                0x24000224                FourthHandle
 .bss.FifthHandle
                0x24000228        0x4 ./Core/Src/main.o
                0x24000228                FifthHandle
 .bss.SixthHandle
                0x2400022c        0x4 ./Core/Src/main.o
                0x2400022c                SixthHandle
 .bss.indices.2
                0x24000230       0x14 ./Core/Src/main.o
 .bss.samples.1
                0x24000244      0x12c ./Core/Src/main.o
 .bss.filteredValues.0
                0x24000370       0x14 ./Core/Src/main.o
 .bss.htim1     0x24000384       0x4c ./Core/Src/stm32h7xx_hal_timebase_tim.o
                0x24000384                htim1
 .bss.uwTick    0x240003d0        0x4 ./Drivers/STM32H7xx_HAL_Driver/Src/stm32h7xx_hal.o
                0x240003d0                uwTick
 .bss.KernelState
                0x240003d4        0x4 ./Middlewares/Third_Party/FreeRTOS/Source/CMSIS_RTOS_V2/cmsis_os2.o
 .bss.Idle_TCB.3
                0x240003d8       0x5c ./Middlewares/Third_Party/FreeRTOS/Source/CMSIS_RTOS_V2/cmsis_os2.o
 .bss.Idle_Stack.2
                0x24000434      0x200 ./Middlewares/Third_Party/FreeRTOS/Source/CMSIS_RTOS_V2/cmsis_os2.o
 .bss.Timer_TCB.1
                0x24000634       0x5c ./Middlewares/Third_Party/FreeRTOS/Source/CMSIS_RTOS_V2/cmsis_os2.o
 .bss.Timer_Stack.0
                0x24000690      0x400 ./Middlewares/Third_Party/FreeRTOS/Source/CMSIS_RTOS_V2/cmsis_os2.o
 .bss.xQueueRegistry
                0x24000a90       0x40 ./Middlewares/Third_Party/FreeRTOS/Source/queue.o
                0x24000a90                xQueueRegistry
 .bss.pxCurrentTCB
                0x24000ad0        0x4 ./Middlewares/Third_Party/FreeRTOS/Source/tasks.o
                0x24000ad0                pxCurrentTCB
 .bss.pxReadyTasksLists
                0x24000ad4      0x460 ./Middlewares/Third_Party/FreeRTOS/Source/tasks.o
 .bss.xDelayedTaskList1
                0x24000f34       0x14 ./Middlewares/Third_Party/FreeRTOS/Source/tasks.o
 .bss.xDelayedTaskList2
                0x24000f48       0x14 ./Middlewares/Third_Party/FreeRTOS/Source/tasks.o
 .bss.pxDelayedTaskList
                0x24000f5c        0x4 ./Middlewares/Third_Party/FreeRTOS/Source/tasks.o
 .bss.pxOverflowDelayedTaskList
                0x24000f60        0x4 ./Middlewares/Third_Party/FreeRTOS/Source/tasks.o
 .bss.xPendingReadyList
                0x24000f64       0x14 ./Middlewares/Third_Party/FreeRTOS/Source/tasks.o
 .bss.xTasksWaitingTermination
                0x24000f78       0x14 ./Middlewares/Third_Party/FreeRTOS/Source/tasks.o
 .bss.uxDeletedTasksWaitingCleanUp
                0x24000f8c        0x4 ./Middlewares/Third_Party/FreeRTOS/Source/tasks.o
 .bss.xSuspendedTaskList
                0x24000f90       0x14 ./Middlewares/Third_Party/FreeRTOS/Source/tasks.o
 .bss.uxCurrentNumberOfTasks
                0x24000fa4        0x4 ./Middlewares/Third_Party/FreeRTOS/Source/tasks.o
 .bss.xTickCount
                0x24000fa8        0x4 ./Middlewares/Third_Party/FreeRTOS/Source/tasks.o
 .bss.uxTopReadyPriority
                0x24000fac        0x4 ./Middlewares/Third_Party/FreeRTOS/Source/tasks.o
 .bss.xSchedulerRunning
                0x24000fb0        0x4 ./Middlewares/Third_Party/FreeRTOS/Source/tasks.o
 .bss.xPendedTicks
                0x24000fb4        0x4 ./Middlewares/Third_Party/FreeRTOS/Source/tasks.o
 .bss.xYieldPending
                0x24000fb8        0x4 ./Middlewares/Third_Party/FreeRTOS/Source/tasks.o
 .bss.xNumOfOverflows
                0x24000fbc        0x4 ./Middlewares/Third_Party/FreeRTOS/Source/tasks.o
 .bss.uxTaskNumber
                0x24000fc0        0x4 ./Middlewares/Third_Party/FreeRTOS/Source/tasks.o
 .bss.xNextTaskUnblockTime
                0x24000fc4        0x4 ./Middlewares/Third_Party/FreeRTOS/Source/tasks.o
 .bss.xIdleTaskHandle
                0x24000fc8        0x4 ./Middlewares/Third_Party/FreeRTOS/Source/tasks.o
 .bss.uxSchedulerSuspended
                0x24000fcc        0x4 ./Middlewares/Third_Party/FreeRTOS/Source/tasks.o
 .bss.xActiveTimerList1
                0x24000fd0       0x14 ./Middlewares/Third_Party/FreeRTOS/Source/timers.o
 .bss.xActiveTimerList2
                0x24000fe4       0x14 ./Middlewares/Third_Party/FreeRTOS/Source/timers.o
 .bss.pxCurrentTimerList
                0x24000ff8        0x4 ./Middlewares/Third_Party/FreeRTOS/Source/timers.o
 .bss.pxOverflowTimerList
                0x24000ffc        0x4 ./Middlewares/Third_Party/FreeRTOS/Source/timers.o
 .bss.xTimerQueue
                0x24001000        0x4 ./Middlewares/Third_Party/FreeRTOS/Source/timers.o
 .bss.xTimerTaskHandle
                0x24001004        0x4 ./Middlewares/Third_Party/FreeRTOS/Source/timers.o
 .bss.xLastTime.2
                0x24001008        0x4 ./Middlewares/Third_Party/FreeRTOS/Source/timers.o
 .bss.ucStaticTimerQueueStorage.1
                0x2400100c       0xa0 ./Middlewares/Third_Party/FreeRTOS/Source/timers.o
 .bss.xStaticTimerQueue.0
                0x240010ac       0x50 ./Middlewares/Third_Party/FreeRTOS/Source/timers.o
 .bss.ucMaxSysCallPriority
                0x240010fc        0x1 ./Middlewares/Third_Party/FreeRTOS/Source/portable/GCC/ARM_CM4F/port.o
 *fill*         0x240010fd        0x3 
 .bss.ulMaxPRIGROUPValue
                0x24001100        0x4 ./Middlewares/Third_Party/FreeRTOS/Source/portable/GCC/ARM_CM4F/port.o
 .bss.ucHeap    0x24001104     0x3c00 ./Middlewares/Third_Party/FreeRTOS/Source/portable/MemMang/heap_4.o
 .bss.xStart    0x24004d04        0x8 ./Middlewares/Third_Party/FreeRTOS/Source/portable/MemMang/heap_4.o
 .bss.pxEnd     0x24004d0c        0x4 ./Middlewares/Third_Party/FreeRTOS/Source/portable/MemMang/heap_4.o
 .bss.xFreeBytesRemaining
                0x24004d10        0x4 ./Middlewares/Third_Party/FreeRTOS/Source/portable/MemMang/heap_4.o
 .bss.xMinimumEverFreeBytesRemaining
                0x24004d14        0x4 ./Middlewares/Third_Party/FreeRTOS/Source/portable/MemMang/heap_4.o
 .bss.xNumberOfSuccessfulAllocations
                0x24004d18        0x4 ./Middlewares/Third_Party/FreeRTOS/Source/portable/MemMang/heap_4.o
 .bss.xNumberOfSuccessfulFrees
                0x24004d1c        0x4 ./Middlewares/Third_Party/FreeRTOS/Source/portable/MemMang/heap_4.o
 .bss.xBlockAllocatedBit
                0x24004d20        0x4 ./Middlewares/Third_Party/FreeRTOS/Source/portable/MemMang/heap_4.o
 *(COMMON)
                0x24004d24                        . = ALIGN (0x4)
                0x24004d24                        _ebss = .
                0x24004d24                        __bss_end__ = _ebss

._user_heap_stack
                0x24004d24      0x604 load address 0x0800ac68
                0x24004d28                        . = ALIGN (0x8)
 *fill*         0x24004d24        0x4 
                [!provide]                        PROVIDE (end = .)
                0x24004d28                        PROVIDE (_end = .)
                0x24004f28                        . = (. + _Min_Heap_Size)
 *fill*         0x24004d28      0x200 
                0x24005328                        . = (. + _Min_Stack_Size)
 *fill*         0x24004f28      0x400 
                0x24005328                        . = ALIGN (0x8)

/DISCARD/
 libc.a(*)
 libm.a(*)
 libgcc.a(*)

.ARM.attributes
                0x00000000       0x2e
 *(.ARM.attributes)
 .ARM.attributes
                0x00000000       0x20 M:/Mostafa Ramadan/programming/STM32CubeIDE_1.18.0/STM32CubeIDE/plugins/com.st.stm32cube.ide.mcu.externaltools.gnu-tools-for-stm32.13.3.rel1.win32_1.0.0.202411081344/tools/bin/../lib/gcc/arm-none-eabi/13.3.1/thumb/v7e-m+dp/hard/crti.o
 .ARM.attributes
                0x00000020       0x32 M:/Mostafa Ramadan/programming/STM32CubeIDE_1.18.0/STM32CubeIDE/plugins/com.st.stm32cube.ide.mcu.externaltools.gnu-tools-for-stm32.13.3.rel1.win32_1.0.0.202411081344/tools/bin/../lib/gcc/arm-none-eabi/13.3.1/thumb/v7e-m+dp/hard/crtbegin.o
 .ARM.attributes
                0x00000052       0x32 ./Core/Src/main.o
 .ARM.attributes
                0x00000084       0x32 ./Core/Src/stm32h7xx_hal_msp.o
 .ARM.attributes
                0x000000b6       0x32 ./Core/Src/stm32h7xx_hal_timebase_tim.o
 .ARM.attributes
                0x000000e8       0x32 ./Core/Src/stm32h7xx_it.o
 .ARM.attributes
                0x0000011a       0x32 ./Core/Src/system_stm32h7xx.o
 .ARM.attributes
                0x0000014c       0x21 ./Core/Startup/startup_stm32h750vbtx.o
 .ARM.attributes
                0x0000016d       0x32 ./Drivers/STM32H7xx_HAL_Driver/Src/stm32h7xx_hal.o
 .ARM.attributes
                0x0000019f       0x32 ./Drivers/STM32H7xx_HAL_Driver/Src/stm32h7xx_hal_adc.o
 .ARM.attributes
                0x000001d1       0x32 ./Drivers/STM32H7xx_HAL_Driver/Src/stm32h7xx_hal_adc_ex.o
 .ARM.attributes
                0x00000203       0x32 ./Drivers/STM32H7xx_HAL_Driver/Src/stm32h7xx_hal_cortex.o
 .ARM.attributes
                0x00000235       0x32 ./Drivers/STM32H7xx_HAL_Driver/Src/stm32h7xx_hal_gpio.o
 .ARM.attributes
                0x00000267       0x32 ./Drivers/STM32H7xx_HAL_Driver/Src/stm32h7xx_hal_pwr_ex.o
 .ARM.attributes
                0x00000299       0x32 ./Drivers/STM32H7xx_HAL_Driver/Src/stm32h7xx_hal_rcc.o
 .ARM.attributes
                0x000002cb       0x32 ./Drivers/STM32H7xx_HAL_Driver/Src/stm32h7xx_hal_rcc_ex.o
 .ARM.attributes
                0x000002fd       0x32 ./Drivers/STM32H7xx_HAL_Driver/Src/stm32h7xx_hal_tim.o
 .ARM.attributes
                0x0000032f       0x32 ./Drivers/STM32H7xx_HAL_Driver/Src/stm32h7xx_hal_tim_ex.o
 .ARM.attributes
                0x00000361       0x32 ./Middlewares/Third_Party/FreeRTOS/Source/CMSIS_RTOS_V2/cmsis_os2.o
 .ARM.attributes
                0x00000393       0x32 ./Middlewares/Third_Party/FreeRTOS/Source/list.o
 .ARM.attributes
                0x000003c5       0x32 ./Middlewares/Third_Party/FreeRTOS/Source/queue.o
 .ARM.attributes
                0x000003f7       0x32 ./Middlewares/Third_Party/FreeRTOS/Source/tasks.o
 .ARM.attributes
                0x00000429       0x32 ./Middlewares/Third_Party/FreeRTOS/Source/timers.o
 .ARM.attributes
                0x0000045b       0x32 ./Middlewares/Third_Party/FreeRTOS/Source/portable/GCC/ARM_CM4F/port.o
 .ARM.attributes
                0x0000048d       0x32 ./Middlewares/Third_Party/FreeRTOS/Source/portable/MemMang/heap_4.o
 .ARM.attributes
                0x000004bf       0x32 M:/Mostafa Ramadan/programming/STM32CubeIDE_1.18.0/STM32CubeIDE/plugins/com.st.stm32cube.ide.mcu.externaltools.gnu-tools-for-stm32.13.3.rel1.win32_1.0.0.202411081344/tools/bin/../lib/gcc/arm-none-eabi/13.3.1/../../../../arm-none-eabi/lib/thumb/v7e-m+dp/hard\libc_nano.a(libc_a-memset.o)
 .ARM.attributes
                0x000004f1       0x32 M:/Mostafa Ramadan/programming/STM32CubeIDE_1.18.0/STM32CubeIDE/plugins/com.st.stm32cube.ide.mcu.externaltools.gnu-tools-for-stm32.13.3.rel1.win32_1.0.0.202411081344/tools/bin/../lib/gcc/arm-none-eabi/13.3.1/../../../../arm-none-eabi/lib/thumb/v7e-m+dp/hard\libc_nano.a(libc_a-init.o)
 .ARM.attributes
                0x00000523       0x32 M:/Mostafa Ramadan/programming/STM32CubeIDE_1.18.0/STM32CubeIDE/plugins/com.st.stm32cube.ide.mcu.externaltools.gnu-tools-for-stm32.13.3.rel1.win32_1.0.0.202411081344/tools/bin/../lib/gcc/arm-none-eabi/13.3.1/../../../../arm-none-eabi/lib/thumb/v7e-m+dp/hard\libc_nano.a(libc_a-memcpy-stub.o)
 .ARM.attributes
                0x00000555       0x20 M:/Mostafa Ramadan/programming/STM32CubeIDE_1.18.0/STM32CubeIDE/plugins/com.st.stm32cube.ide.mcu.externaltools.gnu-tools-for-stm32.13.3.rel1.win32_1.0.0.202411081344/tools/bin/../lib/gcc/arm-none-eabi/13.3.1/thumb/v7e-m+dp/hard/crtn.o
OUTPUT(graduation_project.elf elf32-littlearm)
LOAD linker stubs
LOAD M:/Mostafa Ramadan/programming/STM32CubeIDE_1.18.0/STM32CubeIDE/plugins/com.st.stm32cube.ide.mcu.externaltools.gnu-tools-for-stm32.13.3.rel1.win32_1.0.0.202411081344/tools/bin/../lib/gcc/arm-none-eabi/13.3.1/../../../../arm-none-eabi/lib/thumb/v7e-m+dp/hard\libc.a
LOAD M:/Mostafa Ramadan/programming/STM32CubeIDE_1.18.0/STM32CubeIDE/plugins/com.st.stm32cube.ide.mcu.externaltools.gnu-tools-for-stm32.13.3.rel1.win32_1.0.0.202411081344/tools/bin/../lib/gcc/arm-none-eabi/13.3.1/../../../../arm-none-eabi/lib/thumb/v7e-m+dp/hard\libm.a
LOAD M:/Mostafa Ramadan/programming/STM32CubeIDE_1.18.0/STM32CubeIDE/plugins/com.st.stm32cube.ide.mcu.externaltools.gnu-tools-for-stm32.13.3.rel1.win32_1.0.0.202411081344/tools/bin/../lib/gcc/arm-none-eabi/13.3.1/thumb/v7e-m+dp/hard\libgcc.a

.debug_info     0x00000000    0x1e46e
 .debug_info    0x00000000     0x269d ./Core/Src/main.o
 .debug_info    0x0000269d     0x18d6 ./Core/Src/stm32h7xx_hal_msp.o
 .debug_info    0x00003f73     0x10a0 ./Core/Src/stm32h7xx_hal_timebase_tim.o
 .debug_info    0x00005013      0x7e6 ./Core/Src/stm32h7xx_it.o
 .debug_info    0x000057f9      0xdb2 ./Core/Src/system_stm32h7xx.o
 .debug_info    0x000065ab       0x30 ./Core/Startup/startup_stm32h750vbtx.o
 .debug_info    0x000065db     0x1541 ./Drivers/STM32H7xx_HAL_Driver/Src/stm32h7xx_hal.o
 .debug_info    0x00007b1c     0x1d85 ./Drivers/STM32H7xx_HAL_Driver/Src/stm32h7xx_hal_adc.o
 .debug_info    0x000098a1     0x1ea6 ./Drivers/STM32H7xx_HAL_Driver/Src/stm32h7xx_hal_adc_ex.o
 .debug_info    0x0000b747     0x10b7 ./Drivers/STM32H7xx_HAL_Driver/Src/stm32h7xx_hal_cortex.o
 .debug_info    0x0000c7fe      0xc5a ./Drivers/STM32H7xx_HAL_Driver/Src/stm32h7xx_hal_gpio.o
 .debug_info    0x0000d458     0x1012 ./Drivers/STM32H7xx_HAL_Driver/Src/stm32h7xx_hal_pwr_ex.o
 .debug_info    0x0000e46a      0xe6a ./Drivers/STM32H7xx_HAL_Driver/Src/stm32h7xx_hal_rcc.o
 .debug_info    0x0000f2d4     0x1225 ./Drivers/STM32H7xx_HAL_Driver/Src/stm32h7xx_hal_rcc_ex.o
 .debug_info    0x000104f9     0x2bae ./Drivers/STM32H7xx_HAL_Driver/Src/stm32h7xx_hal_tim.o
 .debug_info    0x000130a7     0x17eb ./Drivers/STM32H7xx_HAL_Driver/Src/stm32h7xx_hal_tim_ex.o
 .debug_info    0x00014892     0x3d8d ./Middlewares/Third_Party/FreeRTOS/Source/CMSIS_RTOS_V2/cmsis_os2.o
 .debug_info    0x0001861f      0x2af ./Middlewares/Third_Party/FreeRTOS/Source/list.o
 .debug_info    0x000188ce     0x1b79 ./Middlewares/Third_Party/FreeRTOS/Source/queue.o
 .debug_info    0x0001a447     0x21ec ./Middlewares/Third_Party/FreeRTOS/Source/tasks.o
 .debug_info    0x0001c633     0x1488 ./Middlewares/Third_Party/FreeRTOS/Source/timers.o
 .debug_info    0x0001dabb      0x4de ./Middlewares/Third_Party/FreeRTOS/Source/portable/GCC/ARM_CM4F/port.o
 .debug_info    0x0001df99      0x4d5 ./Middlewares/Third_Party/FreeRTOS/Source/portable/MemMang/heap_4.o

.debug_abbrev   0x00000000     0x3a43
 .debug_abbrev  0x00000000      0x344 ./Core/Src/main.o
 .debug_abbrev  0x00000344      0x23e ./Core/Src/stm32h7xx_hal_msp.o
 .debug_abbrev  0x00000582      0x212 ./Core/Src/stm32h7xx_hal_timebase_tim.o
 .debug_abbrev  0x00000794      0x17b ./Core/Src/stm32h7xx_it.o
 .debug_abbrev  0x0000090f      0x165 ./Core/Src/system_stm32h7xx.o
 .debug_abbrev  0x00000a74       0x24 ./Core/Startup/startup_stm32h750vbtx.o
 .debug_abbrev  0x00000a98      0x295 ./Drivers/STM32H7xx_HAL_Driver/Src/stm32h7xx_hal.o
 .debug_abbrev  0x00000d2d      0x2d1 ./Drivers/STM32H7xx_HAL_Driver/Src/stm32h7xx_hal_adc.o
 .debug_abbrev  0x00000ffe      0x31a ./Drivers/STM32H7xx_HAL_Driver/Src/stm32h7xx_hal_adc_ex.o
 .debug_abbrev  0x00001318      0x339 ./Drivers/STM32H7xx_HAL_Driver/Src/stm32h7xx_hal_cortex.o
 .debug_abbrev  0x00001651      0x205 ./Drivers/STM32H7xx_HAL_Driver/Src/stm32h7xx_hal_gpio.o
 .debug_abbrev  0x00001856      0x2a7 ./Drivers/STM32H7xx_HAL_Driver/Src/stm32h7xx_hal_pwr_ex.o
 .debug_abbrev  0x00001afd      0x2c8 ./Drivers/STM32H7xx_HAL_Driver/Src/stm32h7xx_hal_rcc.o
 .debug_abbrev  0x00001dc5      0x269 ./Drivers/STM32H7xx_HAL_Driver/Src/stm32h7xx_hal_rcc_ex.o
 .debug_abbrev  0x0000202e      0x276 ./Drivers/STM32H7xx_HAL_Driver/Src/stm32h7xx_hal_tim.o
 .debug_abbrev  0x000022a4      0x281 ./Drivers/STM32H7xx_HAL_Driver/Src/stm32h7xx_hal_tim_ex.o
 .debug_abbrev  0x00002525      0x522 ./Middlewares/Third_Party/FreeRTOS/Source/CMSIS_RTOS_V2/cmsis_os2.o
 .debug_abbrev  0x00002a47       0xf5 ./Middlewares/Third_Party/FreeRTOS/Source/list.o
 .debug_abbrev  0x00002b3c      0x3b6 ./Middlewares/Third_Party/FreeRTOS/Source/queue.o
 .debug_abbrev  0x00002ef2      0x386 ./Middlewares/Third_Party/FreeRTOS/Source/tasks.o
 .debug_abbrev  0x00003278      0x352 ./Middlewares/Third_Party/FreeRTOS/Source/timers.o
 .debug_abbrev  0x000035ca      0x25c ./Middlewares/Third_Party/FreeRTOS/Source/portable/GCC/ARM_CM4F/port.o
 .debug_abbrev  0x00003826      0x21d ./Middlewares/Third_Party/FreeRTOS/Source/portable/MemMang/heap_4.o

.debug_aranges  0x00000000     0x1940
 .debug_aranges
                0x00000000       0xa0 ./Core/Src/main.o
 .debug_aranges
                0x000000a0       0x40 ./Core/Src/stm32h7xx_hal_msp.o
 .debug_aranges
                0x000000e0       0x30 ./Core/Src/stm32h7xx_hal_timebase_tim.o
 .debug_aranges
                0x00000110       0x50 ./Core/Src/stm32h7xx_it.o
 .debug_aranges
                0x00000160       0x30 ./Core/Src/system_stm32h7xx.o
 .debug_aranges
                0x00000190       0x28 ./Core/Startup/startup_stm32h750vbtx.o
 .debug_aranges
                0x000001b8      0x198 ./Drivers/STM32H7xx_HAL_Driver/Src/stm32h7xx_hal.o
 .debug_aranges
                0x00000350      0x230 ./Drivers/STM32H7xx_HAL_Driver/Src/stm32h7xx_hal_adc.o
 .debug_aranges
                0x00000580      0x1e0 ./Drivers/STM32H7xx_HAL_Driver/Src/stm32h7xx_hal_adc_ex.o
 .debug_aranges
                0x00000760      0x130 ./Drivers/STM32H7xx_HAL_Driver/Src/stm32h7xx_hal_cortex.o
 .debug_aranges
                0x00000890       0x58 ./Drivers/STM32H7xx_HAL_Driver/Src/stm32h7xx_hal_gpio.o
 .debug_aranges
                0x000008e8      0x158 ./Drivers/STM32H7xx_HAL_Driver/Src/stm32h7xx_hal_pwr_ex.o
 .debug_aranges
                0x00000a40       0x88 ./Drivers/STM32H7xx_HAL_Driver/Src/stm32h7xx_hal_rcc.o
 .debug_aranges
                0x00000ac8       0xf8 ./Drivers/STM32H7xx_HAL_Driver/Src/stm32h7xx_hal_rcc_ex.o
 .debug_aranges
                0x00000bc0      0x3e0 ./Drivers/STM32H7xx_HAL_Driver/Src/stm32h7xx_hal_tim.o
 .debug_aranges
                0x00000fa0      0x188 ./Drivers/STM32H7xx_HAL_Driver/Src/stm32h7xx_hal_tim_ex.o
 .debug_aranges
                0x00001128      0x2b0 ./Middlewares/Third_Party/FreeRTOS/Source/CMSIS_RTOS_V2/cmsis_os2.o
 .debug_aranges
                0x000013d8       0x40 ./Middlewares/Third_Party/FreeRTOS/Source/list.o
 .debug_aranges
                0x00001418      0x158 ./Middlewares/Third_Party/FreeRTOS/Source/queue.o
 .debug_aranges
                0x00001570      0x208 ./Middlewares/Third_Party/FreeRTOS/Source/tasks.o
 .debug_aranges
                0x00001778       0xf0 ./Middlewares/Third_Party/FreeRTOS/Source/timers.o
 .debug_aranges
                0x00001868       0x80 ./Middlewares/Third_Party/FreeRTOS/Source/portable/GCC/ARM_CM4F/port.o
 .debug_aranges
                0x000018e8       0x58 ./Middlewares/Third_Party/FreeRTOS/Source/portable/MemMang/heap_4.o

.debug_rnglists
                0x00000000     0x1380
 .debug_rnglists
                0x00000000       0x80 ./Core/Src/main.o
 .debug_rnglists
                0x00000080       0x2c ./Core/Src/stm32h7xx_hal_msp.o
 .debug_rnglists
                0x000000ac       0x20 ./Core/Src/stm32h7xx_hal_timebase_tim.o
 .debug_rnglists
                0x000000cc       0x37 ./Core/Src/stm32h7xx_it.o
 .debug_rnglists
                0x00000103       0x21 ./Core/Src/system_stm32h7xx.o
 .debug_rnglists
                0x00000124       0x19 ./Core/Startup/startup_stm32h750vbtx.o
 .debug_rnglists
                0x0000013d      0x131 ./Drivers/STM32H7xx_HAL_Driver/Src/stm32h7xx_hal.o
 .debug_rnglists
                0x0000026e      0x1af ./Drivers/STM32H7xx_HAL_Driver/Src/stm32h7xx_hal_adc.o
 .debug_rnglists
                0x0000041d      0x175 ./Drivers/STM32H7xx_HAL_Driver/Src/stm32h7xx_hal_adc_ex.o
 .debug_rnglists
                0x00000592       0xe0 ./Drivers/STM32H7xx_HAL_Driver/Src/stm32h7xx_hal_cortex.o
 .debug_rnglists
                0x00000672       0x3f ./Drivers/STM32H7xx_HAL_Driver/Src/stm32h7xx_hal_gpio.o
 .debug_rnglists
                0x000006b1      0x103 ./Drivers/STM32H7xx_HAL_Driver/Src/stm32h7xx_hal_pwr_ex.o
 .debug_rnglists
                0x000007b4       0x68 ./Drivers/STM32H7xx_HAL_Driver/Src/stm32h7xx_hal_rcc.o
 .debug_rnglists
                0x0000081c       0xc0 ./Drivers/STM32H7xx_HAL_Driver/Src/stm32h7xx_hal_rcc_ex.o
 .debug_rnglists
                0x000008dc      0x328 ./Drivers/STM32H7xx_HAL_Driver/Src/stm32h7xx_hal_tim.o
 .debug_rnglists
                0x00000c04      0x13f ./Drivers/STM32H7xx_HAL_Driver/Src/stm32h7xx_hal_tim_ex.o
 .debug_rnglists
                0x00000d43      0x212 ./Middlewares/Third_Party/FreeRTOS/Source/CMSIS_RTOS_V2/cmsis_os2.o
 .debug_rnglists
                0x00000f55       0x2b ./Middlewares/Third_Party/FreeRTOS/Source/list.o
 .debug_rnglists
                0x00000f80      0x109 ./Middlewares/Third_Party/FreeRTOS/Source/queue.o
 .debug_rnglists
                0x00001089      0x1a0 ./Middlewares/Third_Party/FreeRTOS/Source/tasks.o
 .debug_rnglists
                0x00001229       0xb8 ./Middlewares/Third_Party/FreeRTOS/Source/timers.o
 .debug_rnglists
                0x000012e1       0x5d ./Middlewares/Third_Party/FreeRTOS/Source/portable/GCC/ARM_CM4F/port.o
 .debug_rnglists
                0x0000133e       0x42 ./Middlewares/Third_Party/FreeRTOS/Source/portable/MemMang/heap_4.o

.debug_macro    0x00000000     0x424e
 .debug_macro   0x00000000      0x3cf ./Core/Src/main.o
 .debug_macro   0x000003cf      0x169 ./Core/Src/main.o
 .debug_macro   0x00000538       0x66 ./Core/Src/main.o
 .debug_macro   0x0000059e       0x74 ./Core/Src/main.o
 .debug_macro   0x00000612       0xdd ./Core/Src/main.o
 .debug_macro   0x000006ef       0x22 ./Core/Src/main.o
 .debug_macro   0x00000711       0x16 ./Core/Src/main.o
 .debug_macro   0x00000727       0x3c ./Core/Src/main.o
 .debug_macro   0x00000763       0x16 ./Core/Src/main.o
 .debug_macro   0x00000779       0x29 ./Core/Src/main.o
 .debug_macro   0x000007a2      0x2c6 ./Core/Src/stm32h7xx_hal_msp.o
 .debug_macro   0x00000a68      0x2b7 ./Core/Src/stm32h7xx_hal_timebase_tim.o
 .debug_macro   0x00000d1f      0x2d0 ./Core/Src/stm32h7xx_it.o
 .debug_macro   0x00000fef      0x2b7 ./Core/Src/system_stm32h7xx.o
 .debug_macro   0x000012a6      0x2e1 ./Drivers/STM32H7xx_HAL_Driver/Src/stm32h7xx_hal.o
 .debug_macro   0x00001587      0x2db ./Drivers/STM32H7xx_HAL_Driver/Src/stm32h7xx_hal_adc.o
 .debug_macro   0x00001862      0x2c3 ./Drivers/STM32H7xx_HAL_Driver/Src/stm32h7xx_hal_adc_ex.o
 .debug_macro   0x00001b25      0x2b7 ./Drivers/STM32H7xx_HAL_Driver/Src/stm32h7xx_hal_cortex.o
 .debug_macro   0x00001ddc      0x2be ./Drivers/STM32H7xx_HAL_Driver/Src/stm32h7xx_hal_gpio.o
 .debug_macro   0x0000209a      0x2f0 ./Drivers/STM32H7xx_HAL_Driver/Src/stm32h7xx_hal_pwr_ex.o
 .debug_macro   0x0000238a      0x2db ./Drivers/STM32H7xx_HAL_Driver/Src/stm32h7xx_hal_rcc.o
 .debug_macro   0x00002665      0x2d5 ./Drivers/STM32H7xx_HAL_Driver/Src/stm32h7xx_hal_rcc_ex.o
 .debug_macro   0x0000293a      0x2b8 ./Drivers/STM32H7xx_HAL_Driver/Src/stm32h7xx_hal_tim.o
 .debug_macro   0x00002bf2      0x2b7 ./Drivers/STM32H7xx_HAL_Driver/Src/stm32h7xx_hal_tim_ex.o
 .debug_macro   0x00002ea9      0x416 ./Middlewares/Third_Party/FreeRTOS/Source/CMSIS_RTOS_V2/cmsis_os2.o
 .debug_macro   0x000032bf       0x10 ./Middlewares/Third_Party/FreeRTOS/Source/CMSIS_RTOS_V2/cmsis_os2.o
 .debug_macro   0x000032cf       0x20 ./Middlewares/Third_Party/FreeRTOS/Source/CMSIS_RTOS_V2/cmsis_os2.o
 .debug_macro   0x000032ef       0x10 ./Middlewares/Third_Party/FreeRTOS/Source/CMSIS_RTOS_V2/cmsis_os2.o
 .debug_macro   0x000032ff       0xf5 ./Middlewares/Third_Party/FreeRTOS/Source/CMSIS_RTOS_V2/cmsis_os2.o
 .debug_macro   0x000033f4       0x91 ./Middlewares/Third_Party/FreeRTOS/Source/CMSIS_RTOS_V2/cmsis_os2.o
 .debug_macro   0x00003485       0x8d ./Middlewares/Third_Party/FreeRTOS/Source/CMSIS_RTOS_V2/cmsis_os2.o
 .debug_macro   0x00003512       0x9a ./Middlewares/Third_Party/FreeRTOS/Source/CMSIS_RTOS_V2/cmsis_os2.o
 .debug_macro   0x000035ac       0x22 ./Middlewares/Third_Party/FreeRTOS/Source/CMSIS_RTOS_V2/cmsis_os2.o
 .debug_macro   0x000035ce      0x187 ./Middlewares/Third_Party/FreeRTOS/Source/list.o
 .debug_macro   0x00003755      0x216 ./Middlewares/Third_Party/FreeRTOS/Source/queue.o
 .debug_macro   0x0000396b       0x16 ./Middlewares/Third_Party/FreeRTOS/Source/queue.o
 .debug_macro   0x00003981       0x87 ./Middlewares/Third_Party/FreeRTOS/Source/queue.o
 .debug_macro   0x00003a08      0x27f ./Middlewares/Third_Party/FreeRTOS/Source/tasks.o
 .debug_macro   0x00003c87       0x10 ./Middlewares/Third_Party/FreeRTOS/Source/tasks.o
 .debug_macro   0x00003c97      0x1dc ./Middlewares/Third_Party/FreeRTOS/Source/timers.o
 .debug_macro   0x00003e73       0x97 ./Middlewares/Third_Party/FreeRTOS/Source/timers.o
 .debug_macro   0x00003f0a      0x196 ./Middlewares/Third_Party/FreeRTOS/Source/portable/GCC/ARM_CM4F/port.o
 .debug_macro   0x000040a0      0x1ae ./Middlewares/Third_Party/FreeRTOS/Source/portable/MemMang/heap_4.o

.debug_line     0x00000000    0x1c867
 .debug_line    0x00000000     0x1296 ./Core/Src/main.o
 .debug_line    0x00001296      0x984 ./Core/Src/stm32h7xx_hal_msp.o
 .debug_line    0x00001c1a      0x946 ./Core/Src/stm32h7xx_hal_timebase_tim.o
 .debug_line    0x00002560      0x964 ./Core/Src/stm32h7xx_it.o
 .debug_line    0x00002ec4      0xada ./Core/Src/system_stm32h7xx.o
 .debug_line    0x0000399e       0x7b ./Core/Startup/startup_stm32h750vbtx.o
 .debug_line    0x00003a19      0xeb3 ./Drivers/STM32H7xx_HAL_Driver/Src/stm32h7xx_hal.o
 .debug_line    0x000048cc     0x2381 ./Drivers/STM32H7xx_HAL_Driver/Src/stm32h7xx_hal_adc.o
 .debug_line    0x00006c4d     0x1f4d ./Drivers/STM32H7xx_HAL_Driver/Src/stm32h7xx_hal_adc_ex.o
 .debug_line    0x00008b9a      0xe9d ./Drivers/STM32H7xx_HAL_Driver/Src/stm32h7xx_hal_cortex.o
 .debug_line    0x00009a37      0xd3c ./Drivers/STM32H7xx_HAL_Driver/Src/stm32h7xx_hal_gpio.o
 .debug_line    0x0000a773     0x1037 ./Drivers/STM32H7xx_HAL_Driver/Src/stm32h7xx_hal_pwr_ex.o
 .debug_line    0x0000b7aa     0x155a ./Drivers/STM32H7xx_HAL_Driver/Src/stm32h7xx_hal_rcc.o
 .debug_line    0x0000cd04     0x1e66 ./Drivers/STM32H7xx_HAL_Driver/Src/stm32h7xx_hal_rcc_ex.o
 .debug_line    0x0000eb6a     0x4007 ./Drivers/STM32H7xx_HAL_Driver/Src/stm32h7xx_hal_tim.o
 .debug_line    0x00012b71     0x1d79 ./Drivers/STM32H7xx_HAL_Driver/Src/stm32h7xx_hal_tim_ex.o
 .debug_line    0x000148ea     0x257f ./Middlewares/Third_Party/FreeRTOS/Source/CMSIS_RTOS_V2/cmsis_os2.o
 .debug_line    0x00016e69      0x779 ./Middlewares/Third_Party/FreeRTOS/Source/list.o
 .debug_line    0x000175e2     0x16ea ./Middlewares/Third_Party/FreeRTOS/Source/queue.o
 .debug_line    0x00018ccc     0x1c6d ./Middlewares/Third_Party/FreeRTOS/Source/tasks.o
 .debug_line    0x0001a939      0xdb9 ./Middlewares/Third_Party/FreeRTOS/Source/timers.o
 .debug_line    0x0001b6f2      0x7e5 ./Middlewares/Third_Party/FreeRTOS/Source/portable/GCC/ARM_CM4F/port.o
 .debug_line    0x0001bed7      0x990 ./Middlewares/Third_Party/FreeRTOS/Source/portable/MemMang/heap_4.o

.debug_str      0x00000000   0x17d774
 .debug_str     0x00000000   0x17d774 ./Core/Src/main.o
                             0x1734b2 (size before relaxing)
 .debug_str     0x0017d774   0x16e663 ./Core/Src/stm32h7xx_hal_msp.o
 .debug_str     0x0017d774   0x16dcc6 ./Core/Src/stm32h7xx_hal_timebase_tim.o
 .debug_str     0x0017d774   0x16d538 ./Core/Src/stm32h7xx_it.o
 .debug_str     0x0017d774   0x16d02b ./Core/Src/system_stm32h7xx.o
 .debug_str     0x0017d774       0x8b ./Core/Startup/startup_stm32h750vbtx.o
 .debug_str     0x0017d774   0x16df11 ./Drivers/STM32H7xx_HAL_Driver/Src/stm32h7xx_hal.o
 .debug_str     0x0017d774   0x16dda9 ./Drivers/STM32H7xx_HAL_Driver/Src/stm32h7xx_hal_adc.o
 .debug_str     0x0017d774   0x16dde8 ./Drivers/STM32H7xx_HAL_Driver/Src/stm32h7xx_hal_adc_ex.o
 .debug_str     0x0017d774   0x16d94c ./Drivers/STM32H7xx_HAL_Driver/Src/stm32h7xx_hal_cortex.o
 .debug_str     0x0017d774   0x16cfa3 ./Drivers/STM32H7xx_HAL_Driver/Src/stm32h7xx_hal_gpio.o
 .debug_str     0x0017d774   0x16d464 ./Drivers/STM32H7xx_HAL_Driver/Src/stm32h7xx_hal_pwr_ex.o
 .debug_str     0x0017d774   0x16d387 ./Drivers/STM32H7xx_HAL_Driver/Src/stm32h7xx_hal_rcc.o
 .debug_str     0x0017d774   0x16d868 ./Drivers/STM32H7xx_HAL_Driver/Src/stm32h7xx_hal_rcc_ex.o
 .debug_str     0x0017d774   0x16e126 ./Drivers/STM32H7xx_HAL_Driver/Src/stm32h7xx_hal_tim.o
 .debug_str     0x0017d774   0x16da4e ./Drivers/STM32H7xx_HAL_Driver/Src/stm32h7xx_hal_tim_ex.o
 .debug_str     0x0017d774   0x174b9a ./Middlewares/Third_Party/FreeRTOS/Source/CMSIS_RTOS_V2/cmsis_os2.o
 .debug_str     0x0017d774     0xac7b ./Middlewares/Third_Party/FreeRTOS/Source/list.o
 .debug_str     0x0017d774     0xc7bb ./Middlewares/Third_Party/FreeRTOS/Source/queue.o
 .debug_str     0x0017d774     0xd278 ./Middlewares/Third_Party/FreeRTOS/Source/tasks.o
 .debug_str     0x0017d774     0xcced ./Middlewares/Third_Party/FreeRTOS/Source/timers.o
 .debug_str     0x0017d774     0x8821 ./Middlewares/Third_Party/FreeRTOS/Source/portable/GCC/ARM_CM4F/port.o
 .debug_str     0x0017d774     0xb5bd ./Middlewares/Third_Party/FreeRTOS/Source/portable/MemMang/heap_4.o

.comment        0x00000000       0x43
 .comment       0x00000000       0x43 ./Core/Src/main.o
                                 0x44 (size before relaxing)
 .comment       0x00000043       0x44 ./Core/Src/stm32h7xx_hal_msp.o
 .comment       0x00000043       0x44 ./Core/Src/stm32h7xx_hal_timebase_tim.o
 .comment       0x00000043       0x44 ./Core/Src/stm32h7xx_it.o
 .comment       0x00000043       0x44 ./Core/Src/system_stm32h7xx.o
 .comment       0x00000043       0x44 ./Drivers/STM32H7xx_HAL_Driver/Src/stm32h7xx_hal.o
 .comment       0x00000043       0x44 ./Drivers/STM32H7xx_HAL_Driver/Src/stm32h7xx_hal_adc.o
 .comment       0x00000043       0x44 ./Drivers/STM32H7xx_HAL_Driver/Src/stm32h7xx_hal_adc_ex.o
 .comment       0x00000043       0x44 ./Drivers/STM32H7xx_HAL_Driver/Src/stm32h7xx_hal_cortex.o
 .comment       0x00000043       0x44 ./Drivers/STM32H7xx_HAL_Driver/Src/stm32h7xx_hal_gpio.o
 .comment       0x00000043       0x44 ./Drivers/STM32H7xx_HAL_Driver/Src/stm32h7xx_hal_pwr_ex.o
 .comment       0x00000043       0x44 ./Drivers/STM32H7xx_HAL_Driver/Src/stm32h7xx_hal_rcc.o
 .comment       0x00000043       0x44 ./Drivers/STM32H7xx_HAL_Driver/Src/stm32h7xx_hal_rcc_ex.o
 .comment       0x00000043       0x44 ./Drivers/STM32H7xx_HAL_Driver/Src/stm32h7xx_hal_tim.o
 .comment       0x00000043       0x44 ./Drivers/STM32H7xx_HAL_Driver/Src/stm32h7xx_hal_tim_ex.o
 .comment       0x00000043       0x44 ./Middlewares/Third_Party/FreeRTOS/Source/CMSIS_RTOS_V2/cmsis_os2.o
 .comment       0x00000043       0x44 ./Middlewares/Third_Party/FreeRTOS/Source/list.o
 .comment       0x00000043       0x44 ./Middlewares/Third_Party/FreeRTOS/Source/queue.o
 .comment       0x00000043       0x44 ./Middlewares/Third_Party/FreeRTOS/Source/tasks.o
 .comment       0x00000043       0x44 ./Middlewares/Third_Party/FreeRTOS/Source/timers.o
 .comment       0x00000043       0x44 ./Middlewares/Third_Party/FreeRTOS/Source/portable/GCC/ARM_CM4F/port.o
 .comment       0x00000043       0x44 ./Middlewares/Third_Party/FreeRTOS/Source/portable/MemMang/heap_4.o

.debug_frame    0x00000000     0x6c1c
 .debug_frame   0x00000000      0x254 ./Core/Src/main.o
 .debug_frame   0x00000254       0xd0 ./Core/Src/stm32h7xx_hal_msp.o
 .debug_frame   0x00000324       0x74 ./Core/Src/stm32h7xx_hal_timebase_tim.o
 .debug_frame   0x00000398       0xc4 ./Core/Src/stm32h7xx_it.o
 .debug_frame   0x0000045c       0x78 ./Core/Src/system_stm32h7xx.o
 .debug_frame   0x000004d4      0x690 ./Drivers/STM32H7xx_HAL_Driver/Src/stm32h7xx_hal.o
 .debug_frame   0x00000b64      0xa50 ./Drivers/STM32H7xx_HAL_Driver/Src/stm32h7xx_hal_adc.o
 .debug_frame   0x000015b4      0x8b4 ./Drivers/STM32H7xx_HAL_Driver/Src/stm32h7xx_hal_adc_ex.o
 .debug_frame   0x00001e68      0x508 ./Drivers/STM32H7xx_HAL_Driver/Src/stm32h7xx_hal_cortex.o
 .debug_frame   0x00002370      0x14c ./Drivers/STM32H7xx_HAL_Driver/Src/stm32h7xx_hal_gpio.o
 .debug_frame   0x000024bc      0x580 ./Drivers/STM32H7xx_HAL_Driver/Src/stm32h7xx_hal_pwr_ex.o
 .debug_frame   0x00002a3c      0x1f8 ./Drivers/STM32H7xx_HAL_Driver/Src/stm32h7xx_hal_rcc.o
 .debug_frame   0x00002c34      0x414 ./Drivers/STM32H7xx_HAL_Driver/Src/stm32h7xx_hal_rcc_ex.o
 .debug_frame   0x00003048     0x121c ./Drivers/STM32H7xx_HAL_Driver/Src/stm32h7xx_hal_tim.o
 .debug_frame   0x00004264      0x6d8 ./Drivers/STM32H7xx_HAL_Driver/Src/stm32h7xx_hal_tim_ex.o
 .debug_frame   0x0000493c      0xbe4 ./Middlewares/Third_Party/FreeRTOS/Source/CMSIS_RTOS_V2/cmsis_os2.o
 .debug_frame   0x00005520       0xd8 ./Middlewares/Third_Party/FreeRTOS/Source/list.o
 .debug_frame   0x000055f8      0x5ec ./Middlewares/Third_Party/FreeRTOS/Source/queue.o
 .debug_frame   0x00005be4      0x8f0 ./Middlewares/Third_Party/FreeRTOS/Source/tasks.o
 .debug_frame   0x000064d4      0x400 ./Middlewares/Third_Party/FreeRTOS/Source/timers.o
 .debug_frame   0x000068d4      0x1a8 ./Middlewares/Third_Party/FreeRTOS/Source/portable/GCC/ARM_CM4F/port.o
 .debug_frame   0x00006a7c      0x12c ./Middlewares/Third_Party/FreeRTOS/Source/portable/MemMang/heap_4.o
 .debug_frame   0x00006ba8       0x20 M:/Mostafa Ramadan/programming/STM32CubeIDE_1.18.0/STM32CubeIDE/plugins/com.st.stm32cube.ide.mcu.externaltools.gnu-tools-for-stm32.13.3.rel1.win32_1.0.0.202411081344/tools/bin/../lib/gcc/arm-none-eabi/13.3.1/../../../../arm-none-eabi/lib/thumb/v7e-m+dp/hard\libc_nano.a(libc_a-memset.o)
 .debug_frame   0x00006bc8       0x2c M:/Mostafa Ramadan/programming/STM32CubeIDE_1.18.0/STM32CubeIDE/plugins/com.st.stm32cube.ide.mcu.externaltools.gnu-tools-for-stm32.13.3.rel1.win32_1.0.0.202411081344/tools/bin/../lib/gcc/arm-none-eabi/13.3.1/../../../../arm-none-eabi/lib/thumb/v7e-m+dp/hard\libc_nano.a(libc_a-init.o)
 .debug_frame   0x00006bf4       0x28 M:/Mostafa Ramadan/programming/STM32CubeIDE_1.18.0/STM32CubeIDE/plugins/com.st.stm32cube.ide.mcu.externaltools.gnu-tools-for-stm32.13.3.rel1.win32_1.0.0.202411081344/tools/bin/../lib/gcc/arm-none-eabi/13.3.1/../../../../arm-none-eabi/lib/thumb/v7e-m+dp/hard\libc_nano.a(libc_a-memcpy-stub.o)

.debug_line_str
                0x00000000       0x6f
 .debug_line_str
                0x00000000       0x6f ./Core/Startup/startup_stm32h750vbtx.o
